Archive member included to satisfy reference by file (symbol)

c:/st/stm32cubeide_1.6.1/stm32cubeide/plugins/com.st.stm32cube.ide.mcu.externaltools.gnu-tools-for-stm32.9-2020-q2-update.win32_1.5.0.202011040924/tools/bin/../lib/gcc/arm-none-eabi/9.3.1/../../../../arm-none-eabi/lib/thumb/v7-m/nofp\libc_nano.a(lib_a-errno.o)
                              Core/Src/syscalls.o (__errno)
c:/st/stm32cubeide_1.6.1/stm32cubeide/plugins/com.st.stm32cube.ide.mcu.externaltools.gnu-tools-for-stm32.9-2020-q2-update.win32_1.5.0.202011040924/tools/bin/../lib/gcc/arm-none-eabi/9.3.1/../../../../arm-none-eabi/lib/thumb/v7-m/nofp\libc_nano.a(lib_a-exit.o)
                              c:/st/stm32cubeide_1.6.1/stm32cubeide/plugins/com.st.stm32cube.ide.mcu.externaltools.gnu-tools-for-stm32.9-2020-q2-update.win32_1.5.0.202011040924/tools/bin/../lib/gcc/arm-none-eabi/9.3.1/../../../../arm-none-eabi/lib/thumb/v7-m/nofp/crt0.o (exit)
c:/st/stm32cubeide_1.6.1/stm32cubeide/plugins/com.st.stm32cube.ide.mcu.externaltools.gnu-tools-for-stm32.9-2020-q2-update.win32_1.5.0.202011040924/tools/bin/../lib/gcc/arm-none-eabi/9.3.1/../../../../arm-none-eabi/lib/thumb/v7-m/nofp\libc_nano.a(lib_a-impure.o)
                              c:/st/stm32cubeide_1.6.1/stm32cubeide/plugins/com.st.stm32cube.ide.mcu.externaltools.gnu-tools-for-stm32.9-2020-q2-update.win32_1.5.0.202011040924/tools/bin/../lib/gcc/arm-none-eabi/9.3.1/../../../../arm-none-eabi/lib/thumb/v7-m/nofp\libc_nano.a(lib_a-exit.o) (_global_impure_ptr)
c:/st/stm32cubeide_1.6.1/stm32cubeide/plugins/com.st.stm32cube.ide.mcu.externaltools.gnu-tools-for-stm32.9-2020-q2-update.win32_1.5.0.202011040924/tools/bin/../lib/gcc/arm-none-eabi/9.3.1/../../../../arm-none-eabi/lib/thumb/v7-m/nofp\libc_nano.a(lib_a-init.o)
                              c:/st/stm32cubeide_1.6.1/stm32cubeide/plugins/com.st.stm32cube.ide.mcu.externaltools.gnu-tools-for-stm32.9-2020-q2-update.win32_1.5.0.202011040924/tools/bin/../lib/gcc/arm-none-eabi/9.3.1/../../../../arm-none-eabi/lib/thumb/v7-m/nofp/crt0.o (__libc_init_array)
c:/st/stm32cubeide_1.6.1/stm32cubeide/plugins/com.st.stm32cube.ide.mcu.externaltools.gnu-tools-for-stm32.9-2020-q2-update.win32_1.5.0.202011040924/tools/bin/../lib/gcc/arm-none-eabi/9.3.1/../../../../arm-none-eabi/lib/thumb/v7-m/nofp\libc_nano.a(lib_a-memset.o)
                              c:/st/stm32cubeide_1.6.1/stm32cubeide/plugins/com.st.stm32cube.ide.mcu.externaltools.gnu-tools-for-stm32.9-2020-q2-update.win32_1.5.0.202011040924/tools/bin/../lib/gcc/arm-none-eabi/9.3.1/../../../../arm-none-eabi/lib/thumb/v7-m/nofp/crt0.o (memset)
c:/st/stm32cubeide_1.6.1/stm32cubeide/plugins/com.st.stm32cube.ide.mcu.externaltools.gnu-tools-for-stm32.9-2020-q2-update.win32_1.5.0.202011040924/tools/bin/../lib/gcc/arm-none-eabi/9.3.1/thumb/v7-m/nofp\libgcc.a(_arm_muldf3.o)
                              Core/Src/main.o (__aeabi_dmul)
c:/st/stm32cubeide_1.6.1/stm32cubeide/plugins/com.st.stm32cube.ide.mcu.externaltools.gnu-tools-for-stm32.9-2020-q2-update.win32_1.5.0.202011040924/tools/bin/../lib/gcc/arm-none-eabi/9.3.1/thumb/v7-m/nofp\libgcc.a(_arm_mulsf3.o)
                              Core/Src/main.o (__aeabi_fmul)
c:/st/stm32cubeide_1.6.1/stm32cubeide/plugins/com.st.stm32cube.ide.mcu.externaltools.gnu-tools-for-stm32.9-2020-q2-update.win32_1.5.0.202011040924/tools/bin/../lib/gcc/arm-none-eabi/9.3.1/thumb/v7-m/nofp\libgcc.a(_arm_addsubdf3.o)
                              Core/Src/main.o (__aeabi_dsub)
c:/st/stm32cubeide_1.6.1/stm32cubeide/plugins/com.st.stm32cube.ide.mcu.externaltools.gnu-tools-for-stm32.9-2020-q2-update.win32_1.5.0.202011040924/tools/bin/../lib/gcc/arm-none-eabi/9.3.1/thumb/v7-m/nofp\libgcc.a(_arm_muldivdf3.o)
                              Core/Src/main.o (__aeabi_ddiv)
c:/st/stm32cubeide_1.6.1/stm32cubeide/plugins/com.st.stm32cube.ide.mcu.externaltools.gnu-tools-for-stm32.9-2020-q2-update.win32_1.5.0.202011040924/tools/bin/../lib/gcc/arm-none-eabi/9.3.1/thumb/v7-m/nofp\libgcc.a(_arm_cmpdf2.o)
                              Core/Src/main.o (__aeabi_dcmplt)
c:/st/stm32cubeide_1.6.1/stm32cubeide/plugins/com.st.stm32cube.ide.mcu.externaltools.gnu-tools-for-stm32.9-2020-q2-update.win32_1.5.0.202011040924/tools/bin/../lib/gcc/arm-none-eabi/9.3.1/thumb/v7-m/nofp\libgcc.a(_arm_truncdfsf2.o)
                              Core/Src/main.o (__aeabi_d2f)
c:/st/stm32cubeide_1.6.1/stm32cubeide/plugins/com.st.stm32cube.ide.mcu.externaltools.gnu-tools-for-stm32.9-2020-q2-update.win32_1.5.0.202011040924/tools/bin/../lib/gcc/arm-none-eabi/9.3.1/thumb/v7-m/nofp\libgcc.a(_arm_addsubsf3.o)
                              Core/Src/main.o (__aeabi_fsub)
c:/st/stm32cubeide_1.6.1/stm32cubeide/plugins/com.st.stm32cube.ide.mcu.externaltools.gnu-tools-for-stm32.9-2020-q2-update.win32_1.5.0.202011040924/tools/bin/../lib/gcc/arm-none-eabi/9.3.1/thumb/v7-m/nofp\libgcc.a(_arm_muldivsf3.o)
                              Core/Src/main.o (__aeabi_fdiv)
[...]
Memory Configuration

Name             Origin             Length             Attributes
RAM              0x0000000020000000 0x0000000000005000 xrw
FLASH            0x0000000008000000 0x0000000000010000 xr
*default*        0x0000000000000000 0xffffffffffffffff

Linker script and memory map

LOAD c:/st/stm32cubeide_1.6.1/stm32cubeide/plugins/com.st.stm32cube.ide.mcu.externaltools.gnu-tools-for-stm32.9-2020-q2-update.win32_1.5.0.202011040924/tools/bin/../lib/gcc/arm-none-eabi/9.3.1/thumb/v7-m/nofp/crti.o
LOAD c:/st/stm32cubeide_1.6.1/stm32cubeide/plugins/com.st.stm32cube.ide.mcu.externaltools.gnu-tools-for-stm32.9-2020-q2-update.win32_1.5.0.202011040924/tools/bin/../lib/gcc/arm-none-eabi/9.3.1/thumb/v7-m/nofp/crtbegin.o
LOAD c:/st/stm32cubeide_1.6.1/stm32cubeide/plugins/com.st.stm32cube.ide.mcu.externaltools.gnu-tools-for-stm32.9-2020-q2-update.win32_1.5.0.202011040924/tools/bin/../lib/gcc/arm-none-eabi/9.3.1/../../../../arm-none-eabi/lib/thumb/v7-m/nofp/crt0.o
LOAD Core/Src/main.o
LOAD Core/Src/oled.o
LOAD Core/Src/stm32f1xx_hal_msp.o
LOAD Core/Src/stm32f1xx_it.o
LOAD Core/Src/syscalls.o
LOAD Core/Src/sysmem.o
LOAD Core/Src/system_stm32f1xx.o
LOAD Core/Startup/startup_stm32f103c8tx.o
LOAD Drivers/STM32F1xx_HAL_Driver/Src/stm32f1xx_hal.o
LOAD Drivers/STM32F1xx_HAL_Driver/Src/stm32f1xx_hal_adc.o
LOAD Drivers/STM32F1xx_HAL_Driver/Src/stm32f1xx_hal_adc_ex.o
LOAD Drivers/STM32F1xx_HAL_Driver/Src/stm32f1xx_hal_cortex.o
LOAD Drivers/STM32F1xx_HAL_Driver/Src/stm32f1xx_hal_dma.o
LOAD Drivers/STM32F1xx_HAL_Driver/Src/stm32f1xx_hal_exti.o
LOAD Drivers/STM32F1xx_HAL_Driver/Src/stm32f1xx_hal_flash.o
LOAD Drivers/STM32F1xx_HAL_Driver/Src/stm32f1xx_hal_flash_ex.o
LOAD Drivers/STM32F1xx_HAL_Driver/Src/stm32f1xx_hal_gpio.o
LOAD Drivers/STM32F1xx_HAL_Driver/Src/stm32f1xx_hal_gpio_ex.o
LOAD Drivers/STM32F1xx_HAL_Driver/Src/stm32f1xx_hal_pwr.o
LOAD Drivers/STM32F1xx_HAL_Driver/Src/stm32f1xx_hal_rcc.o
LOAD Drivers/STM32F1xx_HAL_Driver/Src/stm32f1xx_hal_rcc_ex.o
LOAD Drivers/STM32F1xx_HAL_Driver/Src/stm32f1xx_hal_tim.o
LOAD Drivers/STM32F1xx_HAL_Driver/Src/stm32f1xx_hal_tim_ex.o
LOAD Drivers/STM32F1xx_HAL_Driver/Src/stm32f1xx_hal_uart.o
START GROUP
LOAD c:/st/stm32cubeide_1.6.1/stm32cubeide/plugins/com.st.stm32cube.ide.mcu.externaltools.gnu-tools-for-stm32.9-2020-q2-update.win32_1.5.0.202011040924/tools/bin/../lib/gcc/arm-none-eabi/9.3.1/../../../../arm-none-eabi/lib/thumb/v7-m/nofp\libc_nano.a
LOAD c:/st/stm32cubeide_1.6.1/stm32cubeide/plugins/com.st.stm32cube.ide.mcu.externaltools.gnu-tools-for-stm32.9-2020-q2-update.win32_1.5.0.202011040924/tools/bin/../lib/gcc/arm-none-eabi/9.3.1/../../../../arm-none-eabi/lib/thumb/v7-m/nofp\libm.a
END GROUP
START GROUP
LOAD c:/st/stm32cubeide_1.6.1/stm32cubeide/plugins/com.st.stm32cube.ide.mcu.externaltools.gnu-tools-for-stm32.9-2020-q2-update.win32_1.5.0.202011040924/tools/bin/../lib/gcc/arm-none-eabi/9.3.1/thumb/v7-m/nofp\libgcc.a
LOAD c:/st/stm32cubeide_1.6.1/stm32cubeide/plugins/com.st.stm32cube.ide.mcu.externaltools.gnu-tools-for-stm32.9-2020-q2-update.win32_1.5.0.202011040924/tools/bin/../lib/gcc/arm-none-eabi/9.3.1/../../../../arm-none-eabi/lib/thumb/v7-m/nofp\libc_nano.a
END GROUP
START GROUP
LOAD c:/st/stm32cubeide_1.6.1/stm32cubeide/plugins/com.st.stm32cube.ide.mcu.externaltools.gnu-tools-for-stm32.9-2020-q2-update.win32_1.5.0.202011040924/tools/bin/../lib/gcc/arm-none-eabi/9.3.1/thumb/v7-m/nofp\libgcc.a
LOAD c:/st/stm32cubeide_1.6.1/stm32cubeide/plugins/com.st.stm32cube.ide.mcu.externaltools.gnu-tools-for-stm32.9-2020-q2-update.win32_1.5.0.202011040924/tools/bin/../lib/gcc/arm-none-eabi/9.3.1/../../../../arm-none-eabi/lib/thumb/v7-m/nofp\libc_nano.a
LOAD c:/st/stm32cubeide_1.6.1/stm32cubeide/plugins/com.st.stm32cube.ide.mcu.externaltools.gnu-tools-for-stm32.9-2020-q2-update.win32_1.5.0.202011040924/tools/bin/../lib/gcc/arm-none-eabi/9.3.1/../../../../arm-none-eabi/lib/thumb/v7-m/nofp\libnosys.a
END GROUP
START GROUP
LOAD c:/st/stm32cubeide_1.6.1/stm32cubeide/plugins/com.st.stm32cube.ide.mcu.externaltools.gnu-tools-for-stm32.9-2020-q2-update.win32_1.5.0.202011040924/tools/bin/../lib/gcc/arm-none-eabi/9.3.1/thumb/v7-m/nofp\libgcc.a
LOAD c:/st/stm32cubeide_1.6.1/stm32cubeide/plugins/com.st.stm32cube.ide.mcu.externaltools.gnu-tools-for-stm32.9-2020-q2-update.win32_1.5.0.202011040924/tools/bin/../lib/gcc/arm-none-eabi/9.3.1/../../../../arm-none-eabi/lib/thumb/v7-m/nofp\libc_nano.a
LOAD c:/st/stm32cubeide_1.6.1/stm32cubeide/plugins/com.st.stm32cube.ide.mcu.externaltools.gnu-tools-for-stm32.9-2020-q2-update.win32_1.5.0.202011040924/tools/bin/../lib/gcc/arm-none-eabi/9.3.1/../../../../arm-none-eabi/lib/thumb/v7-m/nofp\libnosys.a
END GROUP
LOAD c:/st/stm32cubeide_1.6.1/stm32cubeide/plugins/com.st.stm32cube.ide.mcu.externaltools.gnu-tools-for-stm32.9-2020-q2-update.win32_1.5.0.202011040924/tools/bin/../lib/gcc/arm-none-eabi/9.3.1/thumb/v7-m/nofp/crtend.o
LOAD c:/st/stm32cubeide_1.6.1/stm32cubeide/plugins/com.st.stm32cube.ide.mcu.externaltools.gnu-tools-for-stm32.9-2020-q2-update.win32_1.5.0.202011040924/tools/bin/../lib/gcc/arm-none-eabi/9.3.1/thumb/v7-m/nofp/crtn.o
                0x0000000020005000                _estack = (ORIGIN (RAM) + LENGTH (RAM))
                0x0000000000000200                _Min_Heap_Size = 0x200
                0x0000000000000400                _Min_Stack_Size = 0x400

.isr_vector     0x0000000008000000      0x10c
                0x0000000008000000                . = ALIGN (0x4)
 *(.isr_vector)
 .isr_vector    0x0000000008000000      0x10c Core/Startup/startup_stm32f103c8tx.o
                0x0000000008000000                g_pfnVectors
                0x000000000800010c                . = ALIGN (0x4)

.text           0x0000000008000110     0x7838
                0x0000000008000110                . = ALIGN (0x4)
 *(.text)
 .text          0x0000000008000110       0x40 c:/st/stm32cubeide_1.6.1/stm32cubeide/plugins/com.st.stm32cube.ide.mcu.externaltools.gnu-tools-for-stm32.9-2020-q2-update.win32_1.5.0.202011040924/tools/bin/../lib/gcc/arm-none-eabi/9.3.1/thumb/v7-m/nofp/crtbegin.o
 .text          0x0000000008000150      0x378 c:/st/stm32cubeide_1.6.1/stm32cubeide/plugins/com.st.stm32cube.ide.mcu.externaltools.gnu-tools-for-stm32.9-2020-q2-update.win32_1.5.0.202011040924/tools/bin/../lib/gcc/arm-none-eabi/9.3.1/thumb/v7-m/nofp\libgcc.a(_arm_addsubdf3.o)
                0x0000000008000150                __aeabi_drsub
                0x0000000008000158                __aeabi_dsub
                0x0000000008000158                __subdf3
                0x000000000800015c                __aeabi_dadd
                0x000000000800015c                __adddf3
                0x00000000080003d4                __floatunsidf
                0x00000000080003d4                __aeabi_ui2d
                0x00000000080003f4                __floatsidf
                0x00000000080003f4                __aeabi_i2d
                0x0000000008000418                __aeabi_f2d
                0x0000000008000418                __extendsfdf2
                0x000000000800045c                __floatundidf
                0x000000000800045c                __aeabi_ul2d
                0x000000000800046c                __floatdidf
                0x000000000800046c                __aeabi_l2d
 .text          0x00000000080004c8      0x424 c:/st/stm32cubeide_1.6.1/stm32cubeide/plugins/com.st.stm32cube.ide.mcu.externaltools.gnu-tools-for-stm32.9-2020-q2-update.win32_1.5.0.202011040924/tools/bin/../lib/gcc/arm-none-eabi/9.3.1/thumb/v7-m/nofp\libgcc.a(_arm_muldivdf3.o)
                0x00000000080004c8                __aeabi_dmul
                0x00000000080004c8                __muldf3
                0x000000000800071c                __divdf3
                0x000000000800071c                __aeabi_ddiv
 .text          0x00000000080008ec      0x110 c:/st/stm32cubeide_1.6.1/stm32cubeide/plugins/com.st.stm32cube.ide.mcu.externaltools.gnu-tools-for-stm32.9-2020-q2-update.win32_1.5.0.202011040924/tools/bin/../lib/gcc/arm-none-eabi/9.3.1/thumb/v7-m/nofp\libgcc.a(_arm_cmpdf2.o)
                0x00000000080008ec                __gtdf2
                0x00000000080008ec                __gedf2
                0x00000000080008f4                __ltdf2
                0x00000000080008f4                __ledf2
                0x00000000080008fc                __nedf2
                0x00000000080008fc                __eqdf2
                0x00000000080008fc                __cmpdf2
                0x0000000008000978                __aeabi_cdrcmple
                0x0000000008000988                __aeabi_cdcmpeq
                0x0000000008000988                __aeabi_cdcmple
                0x0000000008000998                __aeabi_dcmpeq
                0x00000000080009ac                __aeabi_dcmplt
                0x00000000080009c0                __aeabi_dcmple
                0x00000000080009d4                __aeabi_dcmpge
                0x00000000080009e8                __aeabi_dcmpgt
 .text          0x00000000080009fc       0xa0 c:/st/stm32cubeide_1.6.1/stm32cubeide/plugins/com.st.stm32cube.ide.mcu.externaltools.gnu-tools-for-stm32.9-2020-q2-update.win32_1.5.0.202011040924/tools/bin/../lib/gcc/arm-none-eabi/9.3.1/thumb/v7-m/nofp\libgcc.a(_arm_truncdfsf2.o)
                0x00000000080009fc                __truncdfsf2
                0x00000000080009fc                __aeabi_d2f
 .text          0x0000000008000a9c      0x21c c:/st/stm32cubeide_1.6.1/stm32cubeide/plugins/com.st.stm32cube.ide.mcu.externaltools.gnu-tools-for-stm32.9-2020-q2-update.win32_1.5.0.202011040924/tools/bin/../lib/gcc/arm-none-eabi/9.3.1/thumb/v7-m/nofp\libgcc.a(_arm_addsubsf3.o)
                0x0000000008000a9c                __aeabi_frsub
                0x0000000008000aa4                __subsf3
                0x0000000008000aa4                __aeabi_fsub
                0x0000000008000aa8                __aeabi_fadd
                0x0000000008000aa8                __addsf3
                0x0000000008000c08                __aeabi_ui2f
                0x0000000008000c08                __floatunsisf
                0x0000000008000c10                __aeabi_i2f
                0x0000000008000c10                __floatsisf
                0x0000000008000c2c                __aeabi_ul2f
                0x0000000008000c2c                __floatundisf
                0x0000000008000c3c                __aeabi_l2f
                0x0000000008000c3c                __floatdisf
 .text          0x0000000008000cb8      0x2a0 c:/st/stm32cubeide_1.6.1/stm32cubeide/plugins/com.st.stm32cube.ide.mcu.externaltools.gnu-tools-for-stm32.9-2020-q2-update.win32_1.5.0.202011040924/tools/bin/../lib/gcc/arm-none-eabi/9.3.1/thumb/v7-m/nofp\libgcc.a(_arm_muldivsf3.o)
                0x0000000008000cb8                __mulsf3
                0x0000000008000cb8                __aeabi_fmul
                0x0000000008000e20                __aeabi_fdiv
                0x0000000008000e20                __divsf3
 .text          0x0000000008000f58       0xec c:/st/stm32cubeide_1.6.1/stm32cubeide/plugins/com.st.stm32cube.ide.mcu.externaltools.gnu-tools-for-stm32.9-2020-q2-update.win32_1.5.0.202011040924/tools/bin/../lib/gcc/arm-none-eabi/9.3.1/thumb/v7-m/nofp\libgcc.a(_arm_cmpsf2.o)
                0x0000000008000f58                __gesf2
                0x0000000008000f58                __gtsf2
                0x0000000008000f60                __lesf2
                0x0000000008000f60                __ltsf2
                0x0000000008000f68                __nesf2
                0x0000000008000f68                __eqsf2
                0x0000000008000f68                __cmpsf2
                0x0000000008000fc8                __aeabi_cfrcmple
                0x0000000008000fd0                __aeabi_cfcmpeq
                0x0000000008000fd0                __aeabi_cfcmple
                0x0000000008000fe0                __aeabi_fcmpeq
                0x0000000008000ff4                __aeabi_fcmplt
                0x0000000008001008                __aeabi_fcmple
                0x000000000800101c                __aeabi_fcmpge
                0x0000000008001030                __aeabi_fcmpgt
 .text          0x0000000008001044       0x4c c:/st/stm32cubeide_1.6.1/stm32cubeide/plugins/com.st.stm32cube.ide.mcu.externaltools.gnu-tools-for-stm32.9-2020-q2-update.win32_1.5.0.202011040924/tools/bin/../lib/gcc/arm-none-eabi/9.3.1/thumb/v7-m/nofp\libgcc.a(_arm_fixsfsi.o)
                0x0000000008001044                __aeabi_f2iz
                0x0000000008001044                __fixsfsi
 .text          0x0000000008001090       0x40 c:/st/stm32cubeide_1.6.1/stm32cubeide/plugins/com.st.stm32cube.ide.mcu.externaltools.gnu-tools-for-stm32.9-2020-q2-update.win32_1.5.0.202011040924/tools/bin/../lib/gcc/arm-none-eabi/9.3.1/thumb/v7-m/nofp\libgcc.a(_arm_fixunssfsi.o)
                0x0000000008001090                __fixunssfsi
                0x0000000008001090                __aeabi_f2uiz
 *(.text*)
 .text.HAL_TIM_PeriodElapsedCallback
                0x00000000080010d0      0x304 Core/Src/main.o
                0x00000000080010d0                HAL_TIM_PeriodElapsedCallback
 .text.obtener_referencia
                0x00000000080013d4       0x3c Core/Src/main.o
                0x00000000080013d4                obtener_referencia
 .text.obtener_angulo
                0x0000000008001410       0xe4 Core/Src/main.o
                0x0000000008001410                obtener_angulo
 *fill*         0x00000000080014f4        0x4 
 .text.control_realim_estados
                0x00000000080014f8      0x2d8 Core/Src/main.o
                0x00000000080014f8                control_realim_estados
 .text.filtro_roc
                0x00000000080017d0      0x138 Core/Src/main.o
                0x00000000080017d0                filtro_roc
 .text.filtro_posicion
                0x0000000008001908       0x68 Core/Src/main.o
                0x0000000008001908                filtro_posicion
 .text.filtro_angulo
                0x0000000008001970       0x68 Core/Src/main.o
                0x0000000008001970                filtro_angulo
 .text.filtro_voltaje
                0x00000000080019d8       0x68 Core/Src/main.o
                0x00000000080019d8                filtro_voltaje
 .text.filtro_apaga
                0x0000000008001a40       0x78 Core/Src/main.o
                0x0000000008001a40                filtro_apaga
 .text.poner_PWM_motor
                0x0000000008001ab8       0xa4 Core/Src/main.o
                0x0000000008001ab8                poner_PWM_motor
 .text.comprueba_limites_swing
                0x0000000008001b5c       0x48 Core/Src/main.o
                0x0000000008001b5c                comprueba_limites_swing
 .text.comprueba_limites_control
                0x0000000008001ba4       0x9c Core/Src/main.o
                0x0000000008001ba4                comprueba_limites_control
 .text.click_N_Double
                0x0000000008001c40      0x108 Core/Src/main.o
                0x0000000008001c40                click_N_Double
 .text.key      0x0000000008001d48      0x19c Core/Src/main.o
                0x0000000008001d48                key
 .text.oled_show
                0x0000000008001ee4      0x828 Core/Src/main.o
                0x0000000008001ee4                oled_show
 .text.HAL_GPIO_EXTI_Callback
                0x000000000800270c      0x40c Core/Src/main.o
                0x000000000800270c                HAL_GPIO_EXTI_Callback
 .text.envia_datos_serie
                0x0000000008002b18       0xf4 Core/Src/main.o
                0x0000000008002b18                envia_datos_serie
 .text.swing_up
                0x0000000008002c0c      0x1a8 Core/Src/main.o
                0x0000000008002c0c                swing_up
 .text.HAL_UART_RxCpltCallback
                0x0000000008002db4       0x84 Core/Src/main.o
                0x0000000008002db4                HAL_UART_RxCpltCallback
 .text.HAL_UART_TxCpltCallback
                0x0000000008002e38       0x12 Core/Src/main.o
                0x0000000008002e38                HAL_UART_TxCpltCallback
 *fill*         0x0000000008002e4a        0x2 
 .text.main     0x0000000008002e4c      0x10c Core/Src/main.o
                0x0000000008002e4c                main
 .text.SystemClock_Config
                0x0000000008002f58       0xb6 Core/Src/main.o
                0x0000000008002f58                SystemClock_Config
 *fill*         0x000000000800300e        0x2 
 .text.MX_ADC1_Init
                0x0000000008003010      0x1f0 Core/Src/main.o
 .text.MX_TIM1_Init
                0x0000000008003200       0xa0 Core/Src/main.o
 .text.MX_TIM3_Init
                0x00000000080032a0       0xb4 Core/Src/main.o
 .text.MX_TIM4_Init
                0x0000000008003354       0xa8 Core/Src/main.o
 .text.MX_USART1_UART_Init
                0x00000000080033fc       0x54 Core/Src/main.o
 .text.MX_DMA_Init
                0x0000000008003450       0x5c Core/Src/main.o
 .text.MX_GPIO_Init
                0x00000000080034ac      0x138 Core/Src/main.o
 .text.Error_Handler
                0x00000000080035e4        0xc Core/Src/main.o
                0x00000000080035e4                Error_Handler
 .text.OLED_Refresh_Gram
                0x00000000080035f0       0x70 Core/Src/oled.o
                0x00000000080035f0                OLED_Refresh_Gram
 .text.OLED_WR_Byte
                0x0000000008003660       0x98 Core/Src/oled.o
                0x0000000008003660                OLED_WR_Byte
 .text.OLED_Clear
                0x00000000080036f8       0x4c Core/Src/oled.o
                0x00000000080036f8                OLED_Clear
 .text.OLED_DrawPoint
                0x0000000008003744       0xb0 Core/Src/oled.o
                0x0000000008003744                OLED_DrawPoint
 .text.OLED_ShowChar
                0x00000000080037f4       0xe4 Core/Src/oled.o
                0x00000000080037f4                OLED_ShowChar
 .text.oled_pow
                0x00000000080038d8       0x36 Core/Src/oled.o
                0x00000000080038d8                oled_pow
 *fill*         0x000000000800390e        0x2 
 .text.OLED_ShowNumber
                0x0000000008003910       0xdc Core/Src/oled.o
                0x0000000008003910                OLED_ShowNumber
 .text.OLED_ShowString
                0x00000000080039ec       0x64 Core/Src/oled.o
                0x00000000080039ec                OLED_ShowString
 .text.OLED_Init
                0x0000000008003a50       0xf4 Core/Src/oled.o
                0x0000000008003a50                OLED_Init
 .text.HAL_MspInit
                0x0000000008003b44       0x64 Core/Src/stm32f1xx_hal_msp.o
                0x0000000008003b44                HAL_MspInit
 .text.HAL_ADC_MspInit
                0x0000000008003ba8       0xd0 Core/Src/stm32f1xx_hal_msp.o
                0x0000000008003ba8                HAL_ADC_MspInit
 .text.HAL_TIM_Base_MspInit
                0x0000000008003c78       0x5c Core/Src/stm32f1xx_hal_msp.o
                0x0000000008003c78                HAL_TIM_Base_MspInit
 .text.HAL_TIM_PWM_MspInit
                0x0000000008003cd4       0x3c Core/Src/stm32f1xx_hal_msp.o
                0x0000000008003cd4                HAL_TIM_PWM_MspInit
 .text.HAL_TIM_Encoder_MspInit
                0x0000000008003d10       0x8c Core/Src/stm32f1xx_hal_msp.o
                0x0000000008003d10                HAL_TIM_Encoder_MspInit
 .text.HAL_TIM_MspPostInit
                0x0000000008003d9c       0x64 Core/Src/stm32f1xx_hal_msp.o
                0x0000000008003d9c                HAL_TIM_MspPostInit
 .text.HAL_UART_MspInit
                0x0000000008003e00      0x154 Core/Src/stm32f1xx_hal_msp.o
                0x0000000008003e00                HAL_UART_MspInit
 .text.NMI_Handler
                0x0000000008003f54        0xc Core/Src/stm32f1xx_it.o
                0x0000000008003f54                NMI_Handler
 .text.HardFault_Handler
                0x0000000008003f60        0x6 Core/Src/stm32f1xx_it.o
                0x0000000008003f60                HardFault_Handler
 .text.MemManage_Handler
                0x0000000008003f66        0x6 Core/Src/stm32f1xx_it.o
                0x0000000008003f66                MemManage_Handler
 .text.BusFault_Handler
                0x0000000008003f6c        0x6 Core/Src/stm32f1xx_it.o
                0x0000000008003f6c                BusFault_Handler
 .text.UsageFault_Handler
                0x0000000008003f72        0x6 Core/Src/stm32f1xx_it.o
                0x0000000008003f72                UsageFault_Handler
 .text.SVC_Handler
                0x0000000008003f78        0xc Core/Src/stm32f1xx_it.o
                0x0000000008003f78                SVC_Handler
 .text.DebugMon_Handler
                0x0000000008003f84        0xc Core/Src/stm32f1xx_it.o
                0x0000000008003f84                DebugMon_Handler
 .text.PendSV_Handler
                0x0000000008003f90        0xc Core/Src/stm32f1xx_it.o
                0x0000000008003f90                PendSV_Handler
 .text.SysTick_Handler
                0x0000000008003f9c        0xc Core/Src/stm32f1xx_it.o
                0x0000000008003f9c                SysTick_Handler
 .text.DMA1_Channel1_IRQHandler
                0x0000000008003fa8       0x14 Core/Src/stm32f1xx_it.o
                0x0000000008003fa8                DMA1_Channel1_IRQHandler
 .text.DMA1_Channel4_IRQHandler
                0x0000000008003fbc       0x14 Core/Src/stm32f1xx_it.o
                0x0000000008003fbc                DMA1_Channel4_IRQHandler
 .text.DMA1_Channel5_IRQHandler
                0x0000000008003fd0       0x14 Core/Src/stm32f1xx_it.o
                0x0000000008003fd0                DMA1_Channel5_IRQHandler
 .text.EXTI9_5_IRQHandler
                0x0000000008003fe4       0x14 Core/Src/stm32f1xx_it.o
                0x0000000008003fe4                EXTI9_5_IRQHandler
 .text.TIM1_UP_IRQHandler
                0x0000000008003ff8       0x14 Core/Src/stm32f1xx_it.o
                0x0000000008003ff8                TIM1_UP_IRQHandler
 .text.TIM1_TRG_COM_IRQHandler
                0x000000000800400c       0x14 Core/Src/stm32f1xx_it.o
                0x000000000800400c                TIM1_TRG_COM_IRQHandler
 .text.TIM4_IRQHandler
                0x0000000008004020       0x14 Core/Src/stm32f1xx_it.o
                0x0000000008004020                TIM4_IRQHandler
 .text.USART1_IRQHandler
                0x0000000008004034       0x14 Core/Src/stm32f1xx_it.o
                0x0000000008004034                USART1_IRQHandler
 .text.EXTI15_10_IRQHandler
                0x0000000008004048       0x18 Core/Src/stm32f1xx_it.o
                0x0000000008004048                EXTI15_10_IRQHandler
 .text.SystemInit
                0x0000000008004060       0x68 Core/Src/system_stm32f1xx.o
                0x0000000008004060                SystemInit
 .text.Reset_Handler
                0x00000000080040c8       0x48 Core/Startup/startup_stm32f103c8tx.o
                0x00000000080040c8                Reset_Handler
 .text.Default_Handler
                0x0000000008004110        0x2 Core/Startup/startup_stm32f103c8tx.o
                0x0000000008004110                RTC_Alarm_IRQHandler
                0x0000000008004110                EXTI2_IRQHandler
                0x0000000008004110                TIM1_CC_IRQHandler
                0x0000000008004110                PVD_IRQHandler
                0x0000000008004110                EXTI3_IRQHandler
                0x0000000008004110                EXTI0_IRQHandler
                0x0000000008004110                I2C2_EV_IRQHandler
                0x0000000008004110                ADC1_2_IRQHandler
                0x0000000008004110                SPI1_IRQHandler
                0x0000000008004110                TAMPER_IRQHandler
                0x0000000008004110                USART3_IRQHandler
                0x0000000008004110                RTC_IRQHandler
                0x0000000008004110                DMA1_Channel7_IRQHandler
                0x0000000008004110                CAN1_RX1_IRQHandler
                0x0000000008004110                I2C1_EV_IRQHandler
                0x0000000008004110                DMA1_Channel6_IRQHandler
                0x0000000008004110                TIM3_IRQHandler
                0x0000000008004110                RCC_IRQHandler
                0x0000000008004110                Default_Handler
                0x0000000008004110                SPI2_IRQHandler
                0x0000000008004110                EXTI4_IRQHandler
                0x0000000008004110                USB_LP_CAN1_RX0_IRQHandler
                0x0000000008004110                USB_HP_CAN1_TX_IRQHandler
                0x0000000008004110                DMA1_Channel3_IRQHandler
                0x0000000008004110                WWDG_IRQHandler
                0x0000000008004110                TIM2_IRQHandler
                0x0000000008004110                TIM1_BRK_IRQHandler
                0x0000000008004110                EXTI1_IRQHandler
                0x0000000008004110                USART2_IRQHandler
                0x0000000008004110                I2C2_ER_IRQHandler
                0x0000000008004110                DMA1_Channel2_IRQHandler
                0x0000000008004110                CAN1_SCE_IRQHandler
                0x0000000008004110                FLASH_IRQHandler
                0x0000000008004110                I2C1_ER_IRQHandler
                0x0000000008004110                USBWakeUp_IRQHandler
 *fill*         0x0000000008004112        0x2 
 .text.HAL_Init
                0x0000000008004114       0x2c Drivers/STM32F1xx_HAL_Driver/Src/stm32f1xx_hal.o
                0x0000000008004114                HAL_Init
 .text.HAL_InitTick
                0x0000000008004140       0x60 Drivers/STM32F1xx_HAL_Driver/Src/stm32f1xx_hal.o
                0x0000000008004140                HAL_InitTick
 .text.HAL_IncTick
                0x00000000080041a0       0x24 Drivers/STM32F1xx_HAL_Driver/Src/stm32f1xx_hal.o
                0x00000000080041a0                HAL_IncTick
 .text.HAL_GetTick
                0x00000000080041c4       0x14 Drivers/STM32F1xx_HAL_Driver/Src/stm32f1xx_hal.o
                0x00000000080041c4                HAL_GetTick
 .text.HAL_Delay
                0x00000000080041d8       0x48 Drivers/STM32F1xx_HAL_Driver/Src/stm32f1xx_hal.o
                0x00000000080041d8                HAL_Delay
 .text.HAL_ADC_Init
                0x0000000008004220      0x1b0 Drivers/STM32F1xx_HAL_Driver/Src/stm32f1xx_hal_adc.o
                0x0000000008004220                HAL_ADC_Init
 .text.HAL_ADC_Start_DMA
                0x00000000080043d0      0x1bc Drivers/STM32F1xx_HAL_Driver/Src/stm32f1xx_hal_adc.o
                0x00000000080043d0                HAL_ADC_Start_DMA
 .text.HAL_ADC_ConvCpltCallback
                0x000000000800458c       0x12 Drivers/STM32F1xx_HAL_Driver/Src/stm32f1xx_hal_adc.o
                0x000000000800458c                HAL_ADC_ConvCpltCallback
 .text.HAL_ADC_ConvHalfCpltCallback
                0x000000000800459e       0x12 Drivers/STM32F1xx_HAL_Driver/Src/stm32f1xx_hal_adc.o
                0x000000000800459e                HAL_ADC_ConvHalfCpltCallback
 .text.HAL_ADC_ErrorCallback
                0x00000000080045b0       0x12 Drivers/STM32F1xx_HAL_Driver/Src/stm32f1xx_hal_adc.o
                0x00000000080045b0                HAL_ADC_ErrorCallback
 *fill*         0x00000000080045c2        0x2 
 .text.HAL_ADC_ConfigChannel
                0x00000000080045c4      0x1f0 Drivers/STM32F1xx_HAL_Driver/Src/stm32f1xx_hal_adc.o
                0x00000000080045c4                HAL_ADC_ConfigChannel
 .text.ADC_Enable
                0x00000000080047b4       0xa4 Drivers/STM32F1xx_HAL_Driver/Src/stm32f1xx_hal_adc.o
                0x00000000080047b4                ADC_Enable
 .text.ADC_ConversionStop_Disable
                0x0000000008004858       0x74 Drivers/STM32F1xx_HAL_Driver/Src/stm32f1xx_hal_adc.o
                0x0000000008004858                ADC_ConversionStop_Disable
 .text.ADC_DMAConvCplt
                0x00000000080048cc       0x7c Drivers/STM32F1xx_HAL_Driver/Src/stm32f1xx_hal_adc.o
                0x00000000080048cc                ADC_DMAConvCplt
 .text.ADC_DMAHalfConvCplt
                0x0000000008004948       0x1c Drivers/STM32F1xx_HAL_Driver/Src/stm32f1xx_hal_adc.o
                0x0000000008004948                ADC_DMAHalfConvCplt
 .text.ADC_DMAError
                0x0000000008004964       0x34 Drivers/STM32F1xx_HAL_Driver/Src/stm32f1xx_hal_adc.o
                0x0000000008004964                ADC_DMAError
 .text.__NVIC_SetPriorityGrouping
                0x0000000008004998       0x48 Drivers/STM32F1xx_HAL_Driver/Src/stm32f1xx_hal_cortex.o
 .text.__NVIC_GetPriorityGrouping
                0x00000000080049e0       0x1c Drivers/STM32F1xx_HAL_Driver/Src/stm32f1xx_hal_cortex.o
 .text.__NVIC_EnableIRQ
                0x00000000080049fc       0x38 Drivers/STM32F1xx_HAL_Driver/Src/stm32f1xx_hal_cortex.o
 .text.__NVIC_SetPriority
                0x0000000008004a34       0x54 Drivers/STM32F1xx_HAL_Driver/Src/stm32f1xx_hal_cortex.o
 .text.NVIC_EncodePriority
                0x0000000008004a88       0x64 Drivers/STM32F1xx_HAL_Driver/Src/stm32f1xx_hal_cortex.o
 .text.SysTick_Config
                0x0000000008004aec       0x44 Drivers/STM32F1xx_HAL_Driver/Src/stm32f1xx_hal_cortex.o
 .text.HAL_NVIC_SetPriorityGrouping
                0x0000000008004b30       0x16 Drivers/STM32F1xx_HAL_Driver/Src/stm32f1xx_hal_cortex.o
                0x0000000008004b30                HAL_NVIC_SetPriorityGrouping
 .text.HAL_NVIC_SetPriority
                0x0000000008004b46       0x38 Drivers/STM32F1xx_HAL_Driver/Src/stm32f1xx_hal_cortex.o
                0x0000000008004b46                HAL_NVIC_SetPriority
 .text.HAL_NVIC_EnableIRQ
                0x0000000008004b7e       0x1c Drivers/STM32F1xx_HAL_Driver/Src/stm32f1xx_hal_cortex.o
                0x0000000008004b7e                HAL_NVIC_EnableIRQ
 .text.HAL_SYSTICK_Config
                0x0000000008004b9a       0x18 Drivers/STM32F1xx_HAL_Driver/Src/stm32f1xx_hal_cortex.o
                0x0000000008004b9a                HAL_SYSTICK_Config
 *fill*         0x0000000008004bb2        0x2 
 .text.HAL_DMA_Init
                0x0000000008004bb4       0xb4 Drivers/STM32F1xx_HAL_Driver/Src/stm32f1xx_hal_dma.o
                0x0000000008004bb4                HAL_DMA_Init
 .text.HAL_DMA_Start_IT
                0x0000000008004c68       0xbe Drivers/STM32F1xx_HAL_Driver/Src/stm32f1xx_hal_dma.o
                0x0000000008004c68                HAL_DMA_Start_IT
 *fill*         0x0000000008004d26        0x2 
 .text.HAL_DMA_Abort_IT
                0x0000000008004d28       0xec Drivers/STM32F1xx_HAL_Driver/Src/stm32f1xx_hal_dma.o
                0x0000000008004d28                HAL_DMA_Abort_IT
 .text.HAL_DMA_IRQHandler
                0x0000000008004e14      0x20c Drivers/STM32F1xx_HAL_Driver/Src/stm32f1xx_hal_dma.o
                0x0000000008004e14                HAL_DMA_IRQHandler
 .text.DMA_SetConfig
                0x0000000008005020       0x5a Drivers/STM32F1xx_HAL_Driver/Src/stm32f1xx_hal_dma.o
 *fill*         0x000000000800507a        0x2 
 .text.HAL_GPIO_Init
                0x000000000800507c      0x308 Drivers/STM32F1xx_HAL_Driver/Src/stm32f1xx_hal_gpio.o
                0x000000000800507c                HAL_GPIO_Init
 .text.HAL_GPIO_ReadPin
                0x0000000008005384       0x2e Drivers/STM32F1xx_HAL_Driver/Src/stm32f1xx_hal_gpio.o
                0x0000000008005384                HAL_GPIO_ReadPin
 .text.HAL_GPIO_WritePin
                0x00000000080053b2       0x30 Drivers/STM32F1xx_HAL_Driver/Src/stm32f1xx_hal_gpio.o
                0x00000000080053b2                HAL_GPIO_WritePin
 .text.HAL_GPIO_TogglePin
                0x00000000080053e2       0x32 Drivers/STM32F1xx_HAL_Driver/Src/stm32f1xx_hal_gpio.o
                0x00000000080053e2                HAL_GPIO_TogglePin
 .text.HAL_GPIO_EXTI_IRQHandler
                0x0000000008005414       0x30 Drivers/STM32F1xx_HAL_Driver/Src/stm32f1xx_hal_gpio.o
                0x0000000008005414                HAL_GPIO_EXTI_IRQHandler
 .text.HAL_RCC_OscConfig
                0x0000000008005444      0x500 Drivers/STM32F1xx_HAL_Driver/Src/stm32f1xx_hal_rcc.o
                0x0000000008005444                HAL_RCC_OscConfig
 .text.HAL_RCC_ClockConfig
                0x0000000008005944      0x1d4 Drivers/STM32F1xx_HAL_Driver/Src/stm32f1xx_hal_rcc.o
                0x0000000008005944                HAL_RCC_ClockConfig
 .text.HAL_RCC_GetSysClockFreq
                0x0000000008005b18       0xc0 Drivers/STM32F1xx_HAL_Driver/Src/stm32f1xx_hal_rcc.o
                0x0000000008005b18                HAL_RCC_GetSysClockFreq
 .text.HAL_RCC_GetHCLKFreq
                0x0000000008005bd8       0x14 Drivers/STM32F1xx_HAL_Driver/Src/stm32f1xx_hal_rcc.o
                0x0000000008005bd8                HAL_RCC_GetHCLKFreq
 .text.HAL_RCC_GetPCLK1Freq
                0x0000000008005bec       0x28 Drivers/STM32F1xx_HAL_Driver/Src/stm32f1xx_hal_rcc.o
                0x0000000008005bec                HAL_RCC_GetPCLK1Freq
 .text.HAL_RCC_GetPCLK2Freq
                0x0000000008005c14       0x28 Drivers/STM32F1xx_HAL_Driver/Src/stm32f1xx_hal_rcc.o
                0x0000000008005c14                HAL_RCC_GetPCLK2Freq
 .text.RCC_Delay
                0x0000000008005c3c       0x3c Drivers/STM32F1xx_HAL_Driver/Src/stm32f1xx_hal_rcc.o
 .text.HAL_RCCEx_PeriphCLKConfig
                0x0000000008005c78      0x16c Drivers/STM32F1xx_HAL_Driver/Src/stm32f1xx_hal_rcc_ex.o
                0x0000000008005c78                HAL_RCCEx_PeriphCLKConfig
 .text.HAL_TIM_Base_Init
                0x0000000008005de4       0x9e Drivers/STM32F1xx_HAL_Driver/Src/stm32f1xx_hal_tim.o
                0x0000000008005de4                HAL_TIM_Base_Init
 *fill*         0x0000000008005e82        0x2 
 .text.HAL_TIM_Base_Start_IT
                0x0000000008005e84       0xa4 Drivers/STM32F1xx_HAL_Driver/Src/stm32f1xx_hal_tim.o
                0x0000000008005e84                HAL_TIM_Base_Start_IT
 .text.HAL_TIM_PWM_Init
                0x0000000008005f28       0x9e Drivers/STM32F1xx_HAL_Driver/Src/stm32f1xx_hal_tim.o
                0x0000000008005f28                HAL_TIM_PWM_Init
 *fill*         0x0000000008005fc6        0x2 
 .text.HAL_TIM_PWM_Start
                0x0000000008005fc8      0x144 Drivers/STM32F1xx_HAL_Driver/Src/stm32f1xx_hal_tim.o
                0x0000000008005fc8                HAL_TIM_PWM_Start
 .text.HAL_TIM_Encoder_Init
                0x000000000800610c      0x144 Drivers/STM32F1xx_HAL_Driver/Src/stm32f1xx_hal_tim.o
                0x000000000800610c                HAL_TIM_Encoder_Init
 .text.HAL_TIM_Encoder_Start_IT
                0x0000000008006250      0x15c Drivers/STM32F1xx_HAL_Driver/Src/stm32f1xx_hal_tim.o
                0x0000000008006250                HAL_TIM_Encoder_Start_IT
 .text.HAL_TIM_IRQHandler
                0x00000000080063ac      0x210 Drivers/STM32F1xx_HAL_Driver/Src/stm32f1xx_hal_tim.o
                0x00000000080063ac                HAL_TIM_IRQHandler
 .text.HAL_TIM_PWM_ConfigChannel
                0x00000000080065bc      0x17c Drivers/STM32F1xx_HAL_Driver/Src/stm32f1xx_hal_tim.o
                0x00000000080065bc                HAL_TIM_PWM_ConfigChannel
 .text.HAL_TIM_ConfigClockSource
                0x0000000008006738      0x188 Drivers/STM32F1xx_HAL_Driver/Src/stm32f1xx_hal_tim.o
                0x0000000008006738                HAL_TIM_ConfigClockSource
 .text.HAL_TIM_OC_DelayElapsedCallback
                0x00000000080068c0       0x12 Drivers/STM32F1xx_HAL_Driver/Src/stm32f1xx_hal_tim.o
                0x00000000080068c0                HAL_TIM_OC_DelayElapsedCallback
 .text.HAL_TIM_IC_CaptureCallback
                0x00000000080068d2       0x12 Drivers/STM32F1xx_HAL_Driver/Src/stm32f1xx_hal_tim.o
                0x00000000080068d2                HAL_TIM_IC_CaptureCallback
 .text.HAL_TIM_PWM_PulseFinishedCallback
                0x00000000080068e4       0x12 Drivers/STM32F1xx_HAL_Driver/Src/stm32f1xx_hal_tim.o
                0x00000000080068e4                HAL_TIM_PWM_PulseFinishedCallback
 .text.HAL_TIM_TriggerCallback
                0x00000000080068f6       0x12 Drivers/STM32F1xx_HAL_Driver/Src/stm32f1xx_hal_tim.o
                0x00000000080068f6                HAL_TIM_TriggerCallback
 .text.TIM_Base_SetConfig
                0x0000000008006908       0xc4 Drivers/STM32F1xx_HAL_Driver/Src/stm32f1xx_hal_tim.o
                0x0000000008006908                TIM_Base_SetConfig
 .text.TIM_OC1_SetConfig
                0x00000000080069cc       0xcc Drivers/STM32F1xx_HAL_Driver/Src/stm32f1xx_hal_tim.o
 .text.TIM_OC2_SetConfig
                0x0000000008006a98       0xd4 Drivers/STM32F1xx_HAL_Driver/Src/stm32f1xx_hal_tim.o
                0x0000000008006a98                TIM_OC2_SetConfig
 .text.TIM_OC3_SetConfig
                0x0000000008006b6c       0xd4 Drivers/STM32F1xx_HAL_Driver/Src/stm32f1xx_hal_tim.o
 .text.TIM_OC4_SetConfig
                0x0000000008006c40       0x9c Drivers/STM32F1xx_HAL_Driver/Src/stm32f1xx_hal_tim.o
 .text.TIM_TI1_ConfigInputStage
                0x0000000008006cdc       0x5c Drivers/STM32F1xx_HAL_Driver/Src/stm32f1xx_hal_tim.o
 .text.TIM_TI2_ConfigInputStage
                0x0000000008006d38       0x5e Drivers/STM32F1xx_HAL_Driver/Src/stm32f1xx_hal_tim.o
 .text.TIM_ITRx_SetConfig
                0x0000000008006d96       0x34 Drivers/STM32F1xx_HAL_Driver/Src/stm32f1xx_hal_tim.o
 .text.TIM_ETR_SetConfig
                0x0000000008006dca       0x3e Drivers/STM32F1xx_HAL_Driver/Src/stm32f1xx_hal_tim.o
                0x0000000008006dca                TIM_ETR_SetConfig
 .text.TIM_CCxChannelCmd
                0x0000000008006e08       0x48 Drivers/STM32F1xx_HAL_Driver/Src/stm32f1xx_hal_tim.o
                0x0000000008006e08                TIM_CCxChannelCmd
 .text.HAL_TIMEx_MasterConfigSynchronization
                0x0000000008006e50       0xbc Drivers/STM32F1xx_HAL_Driver/Src/stm32f1xx_hal_tim_ex.o
                0x0000000008006e50                HAL_TIMEx_MasterConfigSynchronization
 .text.HAL_TIMEx_CommutCallback
                0x0000000008006f0c       0x12 Drivers/STM32F1xx_HAL_Driver/Src/stm32f1xx_hal_tim_ex.o
                0x0000000008006f0c                HAL_TIMEx_CommutCallback
 .text.HAL_TIMEx_BreakCallback
                0x0000000008006f1e       0x12 Drivers/STM32F1xx_HAL_Driver/Src/stm32f1xx_hal_tim_ex.o
                0x0000000008006f1e                HAL_TIMEx_BreakCallback
 .text.HAL_UART_Init
                0x0000000008006f30       0x9a Drivers/STM32F1xx_HAL_Driver/Src/stm32f1xx_hal_uart.o
                0x0000000008006f30                HAL_UART_Init
 *fill*         0x0000000008006fca        0x2 
 .text.HAL_UART_Transmit_DMA
                0x0000000008006fcc       0xd8 Drivers/STM32F1xx_HAL_Driver/Src/stm32f1xx_hal_uart.o
                0x0000000008006fcc                HAL_UART_Transmit_DMA
 .text.HAL_UART_Receive_DMA
                0x00000000080070a4      0x100 Drivers/STM32F1xx_HAL_Driver/Src/stm32f1xx_hal_uart.o
                0x00000000080070a4                HAL_UART_Receive_DMA
 .text.HAL_UART_IRQHandler
                0x00000000080071a4      0x200 Drivers/STM32F1xx_HAL_Driver/Src/stm32f1xx_hal_uart.o
                0x00000000080071a4                HAL_UART_IRQHandler
 .text.HAL_UART_TxHalfCpltCallback
                0x00000000080073a4       0x12 Drivers/STM32F1xx_HAL_Driver/Src/stm32f1xx_hal_uart.o
                0x00000000080073a4                HAL_UART_TxHalfCpltCallback
 .text.HAL_UART_RxHalfCpltCallback
                0x00000000080073b6       0x12 Drivers/STM32F1xx_HAL_Driver/Src/stm32f1xx_hal_uart.o
                0x00000000080073b6                HAL_UART_RxHalfCpltCallback
 .text.HAL_UART_ErrorCallback
                0x00000000080073c8       0x12 Drivers/STM32F1xx_HAL_Driver/Src/stm32f1xx_hal_uart.o
                0x00000000080073c8                HAL_UART_ErrorCallback
 .text.UART_DMATransmitCplt
                0x00000000080073da       0x52 Drivers/STM32F1xx_HAL_Driver/Src/stm32f1xx_hal_uart.o
 .text.UART_DMATxHalfCplt
                0x000000000800742c       0x1c Drivers/STM32F1xx_HAL_Driver/Src/stm32f1xx_hal_uart.o
 .text.UART_DMAReceiveCplt
                0x0000000008007448       0x68 Drivers/STM32F1xx_HAL_Driver/Src/stm32f1xx_hal_uart.o
 .text.UART_DMARxHalfCplt
                0x00000000080074b0       0x1c Drivers/STM32F1xx_HAL_Driver/Src/stm32f1xx_hal_uart.o
 .text.UART_DMAError
                0x00000000080074cc       0x94 Drivers/STM32F1xx_HAL_Driver/Src/stm32f1xx_hal_uart.o
 .text.UART_EndTxTransfer
                0x0000000008007560       0x2a Drivers/STM32F1xx_HAL_Driver/Src/stm32f1xx_hal_uart.o
 .text.UART_EndRxTransfer
                0x000000000800758a       0x3a Drivers/STM32F1xx_HAL_Driver/Src/stm32f1xx_hal_uart.o
 .text.UART_DMAAbortOnError
                0x00000000080075c4       0x28 Drivers/STM32F1xx_HAL_Driver/Src/stm32f1xx_hal_uart.o
 .text.UART_Transmit_IT
                0x00000000080075ec       0x9e Drivers/STM32F1xx_HAL_Driver/Src/stm32f1xx_hal_uart.o
 .text.UART_EndTransmit_IT
                0x000000000800768a       0x30 Drivers/STM32F1xx_HAL_Driver/Src/stm32f1xx_hal_uart.o
 .text.UART_Receive_IT
                0x00000000080076ba      0x100 Drivers/STM32F1xx_HAL_Driver/Src/stm32f1xx_hal_uart.o
 *fill*         0x00000000080077ba        0x2 
 .text.UART_SetConfig
                0x00000000080077bc      0x11c Drivers/STM32F1xx_HAL_Driver/Src/stm32f1xx_hal_uart.o
 .text.__libc_init_array
                0x00000000080078d8       0x48 c:/st/stm32cubeide_1.6.1/stm32cubeide/plugins/com.st.stm32cube.ide.mcu.externaltools.gnu-tools-for-stm32.9-2020-q2-update.win32_1.5.0.202011040924/tools/bin/../lib/gcc/arm-none-eabi/9.3.1/../../../../arm-none-eabi/lib/thumb/v7-m/nofp\libc_nano.a(lib_a-init.o)
                0x00000000080078d8                __libc_init_array
 .text.memset   0x0000000008007920       0x10 c:/st/stm32cubeide_1.6.1/stm32cubeide/plugins/com.st.stm32cube.ide.mcu.externaltools.gnu-tools-for-stm32.9-2020-q2-update.win32_1.5.0.202011040924/tools/bin/../lib/gcc/arm-none-eabi/9.3.1/../../../../arm-none-eabi/lib/thumb/v7-m/nofp\libc_nano.a(lib_a-memset.o)
                0x0000000008007920                memset
 *(.glue_7)
 .glue_7        0x0000000008007930        0x0 linker stubs
 *(.glue_7t)
 .glue_7t       0x0000000008007930        0x0 linker stubs
 *(.eh_frame)
 .eh_frame      0x0000000008007930        0x0 c:/st/stm32cubeide_1.6.1/stm32cubeide/plugins/com.st.stm32cube.ide.mcu.externaltools.gnu-tools-for-stm32.9-2020-q2-update.win32_1.5.0.202011040924/tools/bin/../lib/gcc/arm-none-eabi/9.3.1/thumb/v7-m/nofp/crtbegin.o
 *(.init)
 .init          0x0000000008007930        0x4 c:/st/stm32cubeide_1.6.1/stm32cubeide/plugins/com.st.stm32cube.ide.mcu.externaltools.gnu-tools-for-stm32.9-2020-q2-update.win32_1.5.0.202011040924/tools/bin/../lib/gcc/arm-none-eabi/9.3.1/thumb/v7-m/nofp/crti.o
                0x0000000008007930                _init
 .init          0x0000000008007934        0x8 c:/st/stm32cubeide_1.6.1/stm32cubeide/plugins/com.st.stm32cube.ide.mcu.externaltools.gnu-tools-for-stm32.9-2020-q2-update.win32_1.5.0.202011040924/tools/bin/../lib/gcc/arm-none-eabi/9.3.1/thumb/v7-m/nofp/crtn.o
 *(.fini)
 .fini          0x000000000800793c        0x4 c:/st/stm32cubeide_1.6.1/stm32cubeide/plugins/com.st.stm32cube.ide.mcu.externaltools.gnu-tools-for-stm32.9-2020-q2-update.win32_1.5.0.202011040924/tools/bin/../lib/gcc/arm-none-eabi/9.3.1/thumb/v7-m/nofp/crti.o
                0x000000000800793c                _fini
 .fini          0x0000000008007940        0x8 c:/st/stm32cubeide_1.6.1/stm32cubeide/plugins/com.st.stm32cube.ide.mcu.externaltools.gnu-tools-for-stm32.9-2020-q2-update.win32_1.5.0.202011040924/tools/bin/../lib/gcc/arm-none-eabi/9.3.1/thumb/v7-m/nofp/crtn.o
                0x0000000008007948                . = ALIGN (0x4)
                0x0000000008007948                _etext = .

.vfp11_veneer   0x0000000008007948        0x0
 .vfp11_veneer  0x0000000008007948        0x0 linker stubs

.v4_bx          0x0000000008007948        0x0
 .v4_bx         0x0000000008007948        0x0 linker stubs

.iplt           0x0000000008007948        0x0
 .iplt          0x0000000008007948        0x0 c:/st/stm32cubeide_1.6.1/stm32cubeide/plugins/com.st.stm32cube.ide.mcu.externaltools.gnu-tools-for-stm32.9-2020-q2-update.win32_1.5.0.202011040924/tools/bin/../lib/gcc/arm-none-eabi/9.3.1/thumb/v7-m/nofp/crtbegin.o

.rodata         0x0000000008007948      0xbac
                0x0000000008007948                . = ALIGN (0x4)
 *(.rodata)
 .rodata        0x0000000008007948      0x120 Core/Src/main.o
 .rodata        0x0000000008007a68       0x10 Drivers/STM32F1xx_HAL_Driver/Src/stm32f1xx_hal_rcc.o
 *(.rodata*)
 .rodata.oled_asc2_1206
                0x0000000008007a78      0x474 Core/Src/oled.o
                0x0000000008007a78                oled_asc2_1206
 .rodata.oled_asc2_1608
                0x0000000008007eec      0x5f0 Core/Src/oled.o
                0x0000000008007eec                oled_asc2_1608
 .rodata.AHBPrescTable
                0x00000000080084dc       0x10 Core/Src/system_stm32f1xx.o
                0x00000000080084dc                AHBPrescTable
 .rodata.APBPrescTable
                0x00000000080084ec        0x8 Core/Src/system_stm32f1xx.o
                0x00000000080084ec                APBPrescTable
                0x00000000080084f4                . = ALIGN (0x4)

.rel.dyn        0x00000000080084f4        0x0
 .rel.iplt      0x00000000080084f4        0x0 c:/st/stm32cubeide_1.6.1/stm32cubeide/plugins/com.st.stm32cube.ide.mcu.externaltools.gnu-tools-for-stm32.9-2020-q2-update.win32_1.5.0.202011040924/tools/bin/../lib/gcc/arm-none-eabi/9.3.1/thumb/v7-m/nofp/crtbegin.o

.ARM.extab      0x00000000080084f4        0x0
                0x00000000080084f4                . = ALIGN (0x4)
 *(.ARM.extab* .gnu.linkonce.armextab.*)
                0x00000000080084f4                . = ALIGN (0x4)

.ARM            0x00000000080084f4        0x0
                0x00000000080084f4                . = ALIGN (0x4)
                0x00000000080084f4                __exidx_start = .
 *(.ARM.exidx*)
                0x00000000080084f4                __exidx_end = .
                0x00000000080084f4                . = ALIGN (0x4)

.preinit_array  0x00000000080084f4        0x0
                0x00000000080084f4                . = ALIGN (0x4)
                0x00000000080084f4                PROVIDE (__preinit_array_start = .)
 *(.preinit_array*)
                0x00000000080084f4                PROVIDE (__preinit_array_end = .)
                0x00000000080084f4                . = ALIGN (0x4)

.init_array     0x00000000080084f4        0x4
                0x00000000080084f4                . = ALIGN (0x4)
                0x00000000080084f4                PROVIDE (__init_array_start = .)
 *(SORT_BY_NAME(.init_array.*))
 *(.init_array*)
 .init_array    0x00000000080084f4        0x4 c:/st/stm32cubeide_1.6.1/stm32cubeide/plugins/com.st.stm32cube.ide.mcu.externaltools.gnu-tools-for-stm32.9-2020-q2-update.win32_1.5.0.202011040924/tools/bin/../lib/gcc/arm-none-eabi/9.3.1/thumb/v7-m/nofp/crtbegin.o
                0x00000000080084f8                PROVIDE (__init_array_end = .)
                0x00000000080084f8                . = ALIGN (0x4)

.fini_array     0x00000000080084f8        0x4
                0x00000000080084f8                . = ALIGN (0x4)
                [!provide]                        PROVIDE (__fini_array_start = .)
 *(SORT_BY_NAME(.fini_array.*))
 *(.fini_array*)
 .fini_array    0x00000000080084f8        0x4 c:/st/stm32cubeide_1.6.1/stm32cubeide/plugins/com.st.stm32cube.ide.mcu.externaltools.gnu-tools-for-stm32.9-2020-q2-update.win32_1.5.0.202011040924/tools/bin/../lib/gcc/arm-none-eabi/9.3.1/thumb/v7-m/nofp/crtbegin.o
                [!provide]                        PROVIDE (__fini_array_end = .)
                0x00000000080084fc                . = ALIGN (0x4)
                0x00000000080084fc                _sidata = LOADADDR (.data)

.data           0x0000000020000000       0x40 load address 0x00000000080084fc
                0x0000000020000000                . = ALIGN (0x4)
                0x0000000020000000                _sdata = .
 *(.data)
 *(.data*)
 .data.KP_Pos   0x0000000020000000        0x4 Core/Src/main.o
                0x0000000020000000                KP_Pos
 .data.KD_Pos   0x0000000020000004        0x4 Core/Src/main.o
                0x0000000020000004                KD_Pos
 .data.KP_Bal   0x0000000020000008        0x4 Core/Src/main.o
                0x0000000020000008                KP_Bal
 .data.KD_Bal   0x000000002000000c        0x4 Core/Src/main.o
                0x000000002000000c                KD_Bal
 .data.Ki       0x0000000020000010        0x4 Core/Src/main.o
                0x0000000020000010                Ki
 .data.K1       0x0000000020000014        0x4 Core/Src/main.o
                0x0000000020000014                K1
 .data.K3       0x0000000020000018        0x4 Core/Src/main.o
                0x0000000020000018                K3
 .data.K2       0x000000002000001c        0x4 Core/Src/main.o
                0x000000002000001c                K2
 .data.K4       0x0000000020000020        0x4 Core/Src/main.o
                0x0000000020000020                K4
 .data.param_filtro_pos
                0x0000000020000024        0x4 Core/Src/main.o
                0x0000000020000024                param_filtro_pos
 .data.Menu     0x0000000020000028        0x1 Core/Src/main.o
                0x0000000020000028                Menu
 .data.Amplitude1
                0x0000000020000029        0x1 Core/Src/main.o
                0x0000000020000029                Amplitude1
 .data.Amplitude2
                0x000000002000002a        0x1 Core/Src/main.o
                0x000000002000002a                Amplitude2
 .data.Amplitude3
                0x000000002000002b        0x1 Core/Src/main.o
                0x000000002000002b                Amplitude3
 .data.Amplitude4
                0x000000002000002c        0x1 Core/Src/main.o
                0x000000002000002c                Amplitude4
 *fill*         0x000000002000002d        0x1 
 .data.Cuenta_cinco_segundos
                0x000000002000002e        0x2 Core/Src/main.o
                0x000000002000002e                Cuenta_cinco_segundos
 .data.VERTICAL
                0x0000000020000030        0x2 Core/Src/main.o
                0x0000000020000030                VERTICAL
 .data.ORIGEN_REF
                0x0000000020000032        0x1 Core/Src/main.o
                0x0000000020000032                ORIGEN_REF
 *fill*         0x0000000020000033        0x1 
 .data.SystemCoreClock
                0x0000000020000034        0x4 Core/Src/system_stm32f1xx.o
                0x0000000020000034                SystemCoreClock
 .data.uwTickPrio
                0x0000000020000038        0x4 Drivers/STM32F1xx_HAL_Driver/Src/stm32f1xx_hal.o
                0x0000000020000038                uwTickPrio
 .data.uwTickFreq
                0x000000002000003c        0x1 Drivers/STM32F1xx_HAL_Driver/Src/stm32f1xx_hal.o
                0x000000002000003c                uwTickFreq
                0x0000000020000040                . = ALIGN (0x4)
 *fill*         0x000000002000003d        0x3 
                0x0000000020000040                _edata = .

.igot.plt       0x0000000020000040        0x0 load address 0x000000000800853c
 .igot.plt      0x0000000020000040        0x0 c:/st/stm32cubeide_1.6.1/stm32cubeide/plugins/com.st.stm32cube.ide.mcu.externaltools.gnu-tools-for-stm32.9-2020-q2-update.win32_1.5.0.202011040924/tools/bin/../lib/gcc/arm-none-eabi/9.3.1/thumb/v7-m/nofp/crtbegin.o
                0x0000000020000040                . = ALIGN (0x4)

.bss            0x0000000020000040      0x76c load address 0x000000000800853c
                0x0000000020000040                _sbss = .
                0x0000000020000040                __bss_start__ = _sbss
 *(.bss)
 .bss           0x0000000020000040       0x1c c:/st/stm32cubeide_1.6.1/stm32cubeide/plugins/com.st.stm32cube.ide.mcu.externaltools.gnu-tools-for-stm32.9-2020-q2-update.win32_1.5.0.202011040924/tools/bin/../lib/gcc/arm-none-eabi/9.3.1/thumb/v7-m/nofp/crtbegin.o
 *(.bss*)
 .bss.param_filtro_ang
                0x000000002000005c        0x4 Core/Src/main.o
                0x000000002000005c                param_filtro_ang
 .bss.referencia
                0x0000000020000060        0x4 Core/Src/main.o
                0x0000000020000060                referencia
 .bss.referencia_local
                0x0000000020000064        0x4 Core/Src/main.o
                0x0000000020000064                referencia_local
 .bss.referencia_externa
                0x0000000020000068        0x4 Core/Src/main.o
                0x0000000020000068                referencia_externa
 .bss.Cuenta_diez_periodos
                0x000000002000006c        0x1 Core/Src/main.o
                0x000000002000006c                Cuenta_diez_periodos
 .bss.SWING_PRIMERO
                0x000000002000006d        0x1 Core/Src/main.o
                0x000000002000006d                SWING_PRIMERO
 .bss.flag_inicio.7145
                0x000000002000006e        0x1 Core/Src/main.o
 *fill*         0x000000002000006f        0x1 
 .bss.xf1_k_1.7142
                0x0000000020000070        0x4 Core/Src/main.o
 .bss.xf2_k_1.7143
                0x0000000020000074        0x4 Core/Src/main.o
 .bss.int_k_1.7141
                0x0000000020000078        0x4 Core/Src/main.o
 .bss.flag_inicio.7152
                0x000000002000007c        0x1 Core/Src/main.o
 *fill*         0x000000002000007d        0x3 
 .bss.yfk_1.7150
                0x0000000020000080        0x4 Core/Src/main.o
 .bss.flag_inicio.7159
                0x0000000020000084        0x1 Core/Src/main.o
 *fill*         0x0000000020000085        0x3 
 .bss.yfk_1.7157
                0x0000000020000088        0x4 Core/Src/main.o
 .bss.flag_inicio.7166
                0x000000002000008c        0x1 Core/Src/main.o
 *fill*         0x000000002000008d        0x3 
 .bss.yfk_1.7164
                0x0000000020000090        0x4 Core/Src/main.o
 .bss.flag_inicio.7180
                0x0000000020000094        0x1 Core/Src/main.o
 *fill*         0x0000000020000095        0x3 
 .bss.yfk_1.7178
                0x0000000020000098        0x4 Core/Src/main.o
 .bss.flag_inicio.7187
                0x000000002000009c        0x1 Core/Src/main.o
 *fill*         0x000000002000009d        0x3 
 .bss.yfk_1.7185
                0x00000000200000a0        0x4 Core/Src/main.o
 .bss.Forever_count.7248
                0x00000000200000a4        0x2 Core/Src/main.o
 .bss.flag_key.7244
                0x00000000200000a6        0x1 Core/Src/main.o
 .bss.count_key.7245
                0x00000000200000a7        0x1 Core/Src/main.o
 .bss.double_key.7246
                0x00000000200000a8        0x1 Core/Src/main.o
 *fill*         0x00000000200000a9        0x1 
 .bss.count_single.7247
                0x00000000200000aa        0x2 Core/Src/main.o
 .bss.tmp.7254  0x00000000200000ac        0x4 Core/Src/main.o
 .bss.flag.7255
                0x00000000200000b0        0x4 Core/Src/main.o
 .bss.count.7256
                0x00000000200000b4        0x4 Core/Src/main.o
 .bss.etapa.7287
                0x00000000200000b8        0x2 Core/Src/main.o
 *fill*         0x00000000200000ba        0x2 
 .bss.PWM.7288  0x00000000200000bc        0x4 Core/Src/main.o
 .bss.Menu_ant.7307
                0x00000000200000c0        0x1 Core/Src/main.o
 *(COMMON)
 *fill*         0x00000000200000c1        0x3 
 COMMON         0x00000000200000c4      0x2e4 Core/Src/main.o
                0x00000000200000c4                Cuenta_un_segundo
                0x00000000200000c8                htim4
                0x0000000020000110                velocidad_1
                0x0000000020000114                INFERIOR
                0x0000000020000116                Flag_control_motor
                0x0000000020000117                Tipo_ref
                0x0000000020000118                Flag_swing_up
                0x000000002000011c                htim3
                0x0000000020000164                acc_integral
                0x0000000020000168                hdma_usart1_tx
                0x00000000200001ac                hadc1
                0x00000000200001dc                hdma_usart1_rx
                0x0000000020000220                huart1
                0x0000000020000260                valores_ADC
                0x00000000200002e0                velocidad_2
                0x00000000200002e4                posicion_f
                0x00000000200002e8                hdma_adc1
                0x000000002000032c                PWM_motor
                0x0000000020000330                rxBuffer
                0x0000000020000338                htim1
                0x0000000020000380                txBuffer
                0x00000000200003a0                voltaje_f
                0x00000000200003a4                angulo_f
 COMMON         0x00000000200003a8      0x400 Core/Src/oled.o
                0x00000000200003a8                OLED_GRAM
 COMMON         0x00000000200007a8        0x4 Drivers/STM32F1xx_HAL_Driver/Src/stm32f1xx_hal.o
                0x00000000200007a8                uwTick
                0x00000000200007ac                . = ALIGN (0x4)
                0x00000000200007ac                _ebss = .
                0x00000000200007ac                __bss_end__ = _ebss

._user_heap_stack
                0x00000000200007ac      0x604 load address 0x000000000800853c
                0x00000000200007b0                . = ALIGN (0x8)
 *fill*         0x00000000200007ac        0x4 
                [!provide]                        PROVIDE (end = .)
                0x00000000200007b0                PROVIDE (_end = .)
                0x00000000200009b0                . = (. + _Min_Heap_Size)
 *fill*         0x00000000200007b0      0x200 
                0x0000000020000db0                . = (. + _Min_Stack_Size)
 *fill*         0x00000000200009b0      0x400 
                0x0000000020000db0                . = ALIGN (0x8)

/DISCARD/
 libc.a(*)
 libm.a(*)
 libgcc.a(*)

.ARM.attributes
                0x0000000000000000       0x29
 *(.ARM.attributes)
 .ARM.attributes
                0x0000000000000000       0x1d c:/st/stm32cubeide_1.6.1/stm32cubeide/plugins/com.st.stm32cube.ide.mcu.externaltools.gnu-tools-for-stm32.9-2020-q2-update.win32_1.5.0.202011040924/tools/bin/../lib/gcc/arm-none-eabi/9.3.1/thumb/v7-m/nofp/crti.o
 .ARM.attributes
                0x000000000000001d       0x2d c:/st/stm32cubeide_1.6.1/stm32cubeide/plugins/com.st.stm32cube.ide.mcu.externaltools.gnu-tools-for-stm32.9-2020-q2-update.win32_1.5.0.202011040924/tools/bin/../lib/gcc/arm-none-eabi/9.3.1/thumb/v7-m/nofp/crtbegin.o
 .ARM.attributes
                0x000000000000004a       0x2d Core/Src/main.o
 .ARM.attributes
                0x0000000000000077       0x2d Core/Src/oled.o
 .ARM.attributes
                0x00000000000000a4       0x2d Core/Src/stm32f1xx_hal_msp.o
 .ARM.attributes
                0x00000000000000d1       0x2d Core/Src/stm32f1xx_it.o
 .ARM.attributes
                0x00000000000000fe       0x2d Core/Src/system_stm32f1xx.o
 .ARM.attributes
                0x000000000000012b       0x21 Core/Startup/startup_stm32f103c8tx.o
 .ARM.attributes
                0x000000000000014c       0x2d Drivers/STM32F1xx_HAL_Driver/Src/stm32f1xx_hal.o
 .ARM.attributes
                0x0000000000000179       0x2d Drivers/STM32F1xx_HAL_Driver/Src/stm32f1xx_hal_adc.o
 .ARM.attributes
                0x00000000000001a6       0x2d Drivers/STM32F1xx_HAL_Driver/Src/stm32f1xx_hal_cortex.o
 .ARM.attributes
                0x00000000000001d3       0x2d Drivers/STM32F1xx_HAL_Driver/Src/stm32f1xx_hal_dma.o
 .ARM.attributes
                0x0000000000000200       0x2d Drivers/STM32F1xx_HAL_Driver/Src/stm32f1xx_hal_gpio.o
 .ARM.attributes
                0x000000000000022d       0x2d Drivers/STM32F1xx_HAL_Driver/Src/stm32f1xx_hal_rcc.o
 .ARM.attributes
                0x000000000000025a       0x2d Drivers/STM32F1xx_HAL_Driver/Src/stm32f1xx_hal_rcc_ex.o
 .ARM.attributes
                0x0000000000000287       0x2d Drivers/STM32F1xx_HAL_Driver/Src/stm32f1xx_hal_tim.o
 .ARM.attributes
                0x00000000000002b4       0x2d Drivers/STM32F1xx_HAL_Driver/Src/stm32f1xx_hal_tim_ex.o
 .ARM.attributes
                0x00000000000002e1       0x2d Drivers/STM32F1xx_HAL_Driver/Src/stm32f1xx_hal_uart.o
 .ARM.attributes
                0x000000000000030e       0x2d c:/st/stm32cubeide_1.6.1/stm32cubeide/plugins/com.st.stm32cube.ide.mcu.externaltools.gnu-tools-for-stm32.9-2020-q2-update.win32_1.5.0.202011040924/tools/bin/../lib/gcc/arm-none-eabi/9.3.1/../../../../arm-none-eabi/lib/thumb/v7-m/nofp\libc_nano.a(lib_a-init.o)
 .ARM.attributes
                0x000000000000033b       0x2d c:/st/stm32cubeide_1.6.1/stm32cubeide/plugins/com.st.stm32cube.ide.mcu.externaltools.gnu-tools-for-stm32.9-2020-q2-update.win32_1.5.0.202011040924/tools/bin/../lib/gcc/arm-none-eabi/9.3.1/../../../../arm-none-eabi/lib/thumb/v7-m/nofp\libc_nano.a(lib_a-memset.o)
 .ARM.attributes
                0x0000000000000368       0x1d c:/st/stm32cubeide_1.6.1/stm32cubeide/plugins/com.st.stm32cube.ide.mcu.externaltools.gnu-tools-for-stm32.9-2020-q2-update.win32_1.5.0.202011040924/tools/bin/../lib/gcc/arm-none-eabi/9.3.1/thumb/v7-m/nofp\libgcc.a(_arm_addsubdf3.o)
 .ARM.attributes
                0x0000000000000385       0x1d c:/st/stm32cubeide_1.6.1/stm32cubeide/plugins/com.st.stm32cube.ide.mcu.externaltools.gnu-tools-for-stm32.9-2020-q2-update.win32_1.5.0.202011040924/tools/bin/../lib/gcc/arm-none-eabi/9.3.1/thumb/v7-m/nofp\libgcc.a(_arm_muldivdf3.o)
 .ARM.attributes
                0x00000000000003a2       0x1d c:/st/stm32cubeide_1.6.1/stm32cubeide/plugins/com.st.stm32cube.ide.mcu.externaltools.gnu-tools-for-stm32.9-2020-q2-update.win32_1.5.0.202011040924/tools/bin/../lib/gcc/arm-none-eabi/9.3.1/thumb/v7-m/nofp\libgcc.a(_arm_cmpdf2.o)
 .ARM.attributes
                0x00000000000003bf       0x1d c:/st/stm32cubeide_1.6.1/stm32cubeide/plugins/com.st.stm32cube.ide.mcu.externaltools.gnu-tools-for-stm32.9-2020-q2-update.win32_1.5.0.202011040924/tools/bin/../lib/gcc/arm-none-eabi/9.3.1/thumb/v7-m/nofp\libgcc.a(_arm_truncdfsf2.o)
 .ARM.attributes
                0x00000000000003dc       0x1d c:/st/stm32cubeide_1.6.1/stm32cubeide/plugins/com.st.stm32cube.ide.mcu.externaltools.gnu-tools-for-stm32.9-2020-q2-update.win32_1.5.0.202011040924/tools/bin/../lib/gcc/arm-none-eabi/9.3.1/thumb/v7-m/nofp\libgcc.a(_arm_addsubsf3.o)
 .ARM.attributes
                0x00000000000003f9       0x1d c:/st/stm32cubeide_1.6.1/stm32cubeide/plugins/com.st.stm32cube.ide.mcu.externaltools.gnu-tools-for-stm32.9-2020-q2-update.win32_1.5.0.202011040924/tools/bin/../lib/gcc/arm-none-eabi/9.3.1/thumb/v7-m/nofp\libgcc.a(_arm_muldivsf3.o)
 .ARM.attributes
                0x0000000000000416       0x1d c:/st/stm32cubeide_1.6.1/stm32cubeide/plugins/com.st.stm32cube.ide.mcu.externaltools.gnu-tools-for-stm32.9-2020-q2-update.win32_1.5.0.202011040924/tools/bin/../lib/gcc/arm-none-eabi/9.3.1/thumb/v7-m/nofp\libgcc.a(_arm_cmpsf2.o)
 .ARM.attributes
                0x0000000000000433       0x1d c:/st/stm32cubeide_1.6.1/stm32cubeide/plugins/com.st.stm32cube.ide.mcu.externaltools.gnu-tools-for-stm32.9-2020-q2-update.win32_1.5.0.202011040924/tools/bin/../lib/gcc/arm-none-eabi/9.3.1/thumb/v7-m/nofp\libgcc.a(_arm_fixsfsi.o)
 .ARM.attributes
                0x0000000000000450       0x1d c:/st/stm32cubeide_1.6.1/stm32cubeide/plugins/com.st.stm32cube.ide.mcu.externaltools.gnu-tools-for-stm32.9-2020-q2-update.win32_1.5.0.202011040924/tools/bin/../lib/gcc/arm-none-eabi/9.3.1/thumb/v7-m/nofp\libgcc.a(_arm_fixunssfsi.o)
 .ARM.attributes
                0x000000000000046d       0x1d c:/st/stm32cubeide_1.6.1/stm32cubeide/plugins/com.st.stm32cube.ide.mcu.externaltools.gnu-tools-for-stm32.9-2020-q2-update.win32_1.5.0.202011040924/tools/bin/../lib/gcc/arm-none-eabi/9.3.1/thumb/v7-m/nofp/crtn.o
OUTPUT(STM32_5.elf elf32-littlearm)
LOAD linker stubs
LOAD c:/st/stm32cubeide_1.6.1/stm32cubeide/plugins/com.st.stm32cube.ide.mcu.externaltools.gnu-tools-for-stm32.9-2020-q2-update.win32_1.5.0.202011040924/tools/bin/../lib/gcc/arm-none-eabi/9.3.1/../../../../arm-none-eabi/lib/thumb/v7-m/nofp\libc.a
LOAD c:/st/stm32cubeide_1.6.1/stm32cubeide/plugins/com.st.stm32cube.ide.mcu.externaltools.gnu-tools-for-stm32.9-2020-q2-update.win32_1.5.0.202011040924/tools/bin/../lib/gcc/arm-none-eabi/9.3.1/../../../../arm-none-eabi/lib/thumb/v7-m/nofp\libm.a
LOAD c:/st/stm32cubeide_1.6.1/stm32cubeide/plugins/com.st.stm32cube.ide.mcu.externaltools.gnu-tools-for-stm32.9-2020-q2-update.win32_1.5.0.202011040924/tools/bin/../lib/gcc/arm-none-eabi/9.3.1/thumb/v7-m/nofp\libgcc.a

.debug_info     0x0000000000000000     0xe9fe
 .debug_info    0x0000000000000000     0x2b94 Core/Src/main.o
 .debug_info    0x0000000000002b94      0xe7a Core/Src/oled.o
 .debug_info    0x0000000000003a0e     0x1204 Core/Src/stm32f1xx_hal_msp.o
 .debug_info    0x0000000000004c12      0xab7 Core/Src/stm32f1xx_it.o
 .debug_info    0x00000000000056c9      0x479 Core/Src/system_stm32f1xx.o
 .debug_info    0x0000000000005b42       0x22 Core/Startup/startup_stm32f103c8tx.o
 .debug_info    0x0000000000005b64      0x76a Drivers/STM32F1xx_HAL_Driver/Src/stm32f1xx_hal.o
 .debug_info    0x00000000000062ce      0xd2d Drivers/STM32F1xx_HAL_Driver/Src/stm32f1xx_hal_adc.o
 .debug_info    0x0000000000006ffb      0xbdc Drivers/STM32F1xx_HAL_Driver/Src/stm32f1xx_hal_cortex.o
 .debug_info    0x0000000000007bd7      0x81e Drivers/STM32F1xx_HAL_Driver/Src/stm32f1xx_hal_dma.o
 .debug_info    0x00000000000083f5      0x701 Drivers/STM32F1xx_HAL_Driver/Src/stm32f1xx_hal_gpio.o
 .debug_info    0x0000000000008af6      0x88e Drivers/STM32F1xx_HAL_Driver/Src/stm32f1xx_hal_rcc.o
 .debug_info    0x0000000000009384      0x480 Drivers/STM32F1xx_HAL_Driver/Src/stm32f1xx_hal_rcc_ex.o
 .debug_info    0x0000000000009804     0x2a43 Drivers/STM32F1xx_HAL_Driver/Src/stm32f1xx_hal_tim.o
 .debug_info    0x000000000000c247     0x1495 Drivers/STM32F1xx_HAL_Driver/Src/stm32f1xx_hal_tim_ex.o
 .debug_info    0x000000000000d6dc     0x1322 Drivers/STM32F1xx_HAL_Driver/Src/stm32f1xx_hal_uart.o

.debug_abbrev   0x0000000000000000     0x21da
 .debug_abbrev  0x0000000000000000      0x3da Core/Src/main.o
 .debug_abbrev  0x00000000000003da      0x28d Core/Src/oled.o
 .debug_abbrev  0x0000000000000667      0x23e Core/Src/stm32f1xx_hal_msp.o
 .debug_abbrev  0x00000000000008a5      0x190 Core/Src/stm32f1xx_it.o
 .debug_abbrev  0x0000000000000a35      0x14e Core/Src/system_stm32f1xx.o
 .debug_abbrev  0x0000000000000b83       0x12 Core/Startup/startup_stm32f103c8tx.o
 .debug_abbrev  0x0000000000000b95      0x1ed Drivers/STM32F1xx_HAL_Driver/Src/stm32f1xx_hal.o
 .debug_abbrev  0x0000000000000d82      0x1fb Drivers/STM32F1xx_HAL_Driver/Src/stm32f1xx_hal_adc.o
 .debug_abbrev  0x0000000000000f7d      0x313 Drivers/STM32F1xx_HAL_Driver/Src/stm32f1xx_hal_cortex.o
 .debug_abbrev  0x0000000000001290      0x228 Drivers/STM32F1xx_HAL_Driver/Src/stm32f1xx_hal_dma.o
 .debug_abbrev  0x00000000000014b8      0x1e8 Drivers/STM32F1xx_HAL_Driver/Src/stm32f1xx_hal_gpio.o
 .debug_abbrev  0x00000000000016a0      0x273 Drivers/STM32F1xx_HAL_Driver/Src/stm32f1xx_hal_rcc.o
 .debug_abbrev  0x0000000000001913      0x193 Drivers/STM32F1xx_HAL_Driver/Src/stm32f1xx_hal_rcc_ex.o
 .debug_abbrev  0x0000000000001aa6      0x25e Drivers/STM32F1xx_HAL_Driver/Src/stm32f1xx_hal_tim.o
 .debug_abbrev  0x0000000000001d04      0x266 Drivers/STM32F1xx_HAL_Driver/Src/stm32f1xx_hal_tim_ex.o
 .debug_abbrev  0x0000000000001f6a      0x270 Drivers/STM32F1xx_HAL_Driver/Src/stm32f1xx_hal_uart.o

.debug_aranges  0x0000000000000000      0xe90
 .debug_aranges
                0x0000000000000000      0x138 Core/Src/main.o
 .debug_aranges
                0x0000000000000138       0x78 Core/Src/oled.o
 .debug_aranges
                0x00000000000001b0       0x78 Core/Src/stm32f1xx_hal_msp.o
 .debug_aranges
                0x0000000000000228       0xa8 Core/Src/stm32f1xx_it.o
 .debug_aranges
                0x00000000000002d0       0x28 Core/Src/system_stm32f1xx.o
 .debug_aranges
                0x00000000000002f8       0x28 Core/Startup/startup_stm32f103c8tx.o
 .debug_aranges
                0x0000000000000320       0xe0 Drivers/STM32F1xx_HAL_Driver/Src/stm32f1xx_hal.o
 .debug_aranges
                0x0000000000000400       0xf0 Drivers/STM32F1xx_HAL_Driver/Src/stm32f1xx_hal_adc.o
 .debug_aranges
                0x00000000000004f0      0x100 Drivers/STM32F1xx_HAL_Driver/Src/stm32f1xx_hal_cortex.o
 .debug_aranges
                0x00000000000005f0       0x80 Drivers/STM32F1xx_HAL_Driver/Src/stm32f1xx_hal_dma.o
 .debug_aranges
                0x0000000000000670       0x58 Drivers/STM32F1xx_HAL_Driver/Src/stm32f1xx_hal_gpio.o
 .debug_aranges
                0x00000000000006c8       0x90 Drivers/STM32F1xx_HAL_Driver/Src/stm32f1xx_hal_rcc.o
 .debug_aranges
                0x0000000000000758       0x30 Drivers/STM32F1xx_HAL_Driver/Src/stm32f1xx_hal_rcc_ex.o
 .debug_aranges
                0x0000000000000788      0x3d0 Drivers/STM32F1xx_HAL_Driver/Src/stm32f1xx_hal_tim.o
 .debug_aranges
                0x0000000000000b58      0x168 Drivers/STM32F1xx_HAL_Driver/Src/stm32f1xx_hal_tim_ex.o
 .debug_aranges
                0x0000000000000cc0      0x1d0 Drivers/STM32F1xx_HAL_Driver/Src/stm32f1xx_hal_uart.o

.debug_ranges   0x0000000000000000      0xd98
 .debug_ranges  0x0000000000000000      0x128 Core/Src/main.o
 .debug_ranges  0x0000000000000128       0x68 Core/Src/oled.o
 .debug_ranges  0x0000000000000190       0x68 Core/Src/stm32f1xx_hal_msp.o
 .debug_ranges  0x00000000000001f8       0x98 Core/Src/stm32f1xx_it.o
 .debug_ranges  0x0000000000000290       0x18 Core/Src/system_stm32f1xx.o
 .debug_ranges  0x00000000000002a8       0x20 Core/Startup/startup_stm32f103c8tx.o
 .debug_ranges  0x00000000000002c8       0xd0 Drivers/STM32F1xx_HAL_Driver/Src/stm32f1xx_hal.o
 .debug_ranges  0x0000000000000398       0xe0 Drivers/STM32F1xx_HAL_Driver/Src/stm32f1xx_hal_adc.o
 .debug_ranges  0x0000000000000478       0xf0 Drivers/STM32F1xx_HAL_Driver/Src/stm32f1xx_hal_cortex.o
 .debug_ranges  0x0000000000000568       0x70 Drivers/STM32F1xx_HAL_Driver/Src/stm32f1xx_hal_dma.o
 .debug_ranges  0x00000000000005d8       0x48 Drivers/STM32F1xx_HAL_Driver/Src/stm32f1xx_hal_gpio.o
 .debug_ranges  0x0000000000000620       0x80 Drivers/STM32F1xx_HAL_Driver/Src/stm32f1xx_hal_rcc.o
 .debug_ranges  0x00000000000006a0       0x20 Drivers/STM32F1xx_HAL_Driver/Src/stm32f1xx_hal_rcc_ex.o
 .debug_ranges  0x00000000000006c0      0x3c0 Drivers/STM32F1xx_HAL_Driver/Src/stm32f1xx_hal_tim.o
 .debug_ranges  0x0000000000000a80      0x158 Drivers/STM32F1xx_HAL_Driver/Src/stm32f1xx_hal_tim_ex.o
 .debug_ranges  0x0000000000000bd8      0x1c0 Drivers/STM32F1xx_HAL_Driver/Src/stm32f1xx_hal_uart.o

.debug_macro    0x0000000000000000    0x182ec
 .debug_macro   0x0000000000000000      0x2a5 Core/Src/main.o
 .debug_macro   0x00000000000002a5      0xa9c Core/Src/main.o
 .debug_macro   0x0000000000000d41      0x227 Core/Src/main.o
 .debug_macro   0x0000000000000f68       0x2e Core/Src/main.o
 .debug_macro   0x0000000000000f96       0x22 Core/Src/main.o
 .debug_macro   0x0000000000000fb8       0x22 Core/Src/main.o
 .debug_macro   0x0000000000000fda       0x8e Core/Src/main.o
 .debug_macro   0x0000000000001068       0x51 Core/Src/main.o
 .debug_macro   0x00000000000010b9      0x103 Core/Src/main.o
 .debug_macro   0x00000000000011bc       0x6a Core/Src/main.o
 .debug_macro   0x0000000000001226      0x1df Core/Src/main.o
 .debug_macro   0x0000000000001405       0x1c Core/Src/main.o
 .debug_macro   0x0000000000001421       0x22 Core/Src/main.o
 .debug_macro   0x0000000000001443       0xc3 Core/Src/main.o
 .debug_macro   0x0000000000001506      0xd23 Core/Src/main.o
 .debug_macro   0x0000000000002229     0xe097 Core/Src/main.o
 .debug_macro   0x00000000000102c0       0x43 Core/Src/main.o
 .debug_macro   0x0000000000010303     0x3468 Core/Src/main.o
 .debug_macro   0x000000000001376b      0x174 Core/Src/main.o
 .debug_macro   0x00000000000138df       0x5c Core/Src/main.o
 .debug_macro   0x000000000001393b      0x5be Core/Src/main.o
 .debug_macro   0x0000000000013ef9      0x289 Core/Src/main.o
 .debug_macro   0x0000000000014182      0x1cb Core/Src/main.o
 .debug_macro   0x000000000001434d      0x114 Core/Src/main.o
 .debug_macro   0x0000000000014461      0x1b2 Core/Src/main.o
 .debug_macro   0x0000000000014613       0x27 Core/Src/main.o
 .debug_macro   0x000000000001463a      0x136 Core/Src/main.o
 .debug_macro   0x0000000000014770      0x1bc Core/Src/main.o
 .debug_macro   0x000000000001492c       0x34 Core/Src/main.o
 .debug_macro   0x0000000000014960       0x3c Core/Src/main.o
 .debug_macro   0x000000000001499c       0x57 Core/Src/main.o
 .debug_macro   0x00000000000149f3      0x46a Core/Src/main.o
 .debug_macro   0x0000000000014e5d      0x1b5 Core/Src/main.o
 .debug_macro   0x0000000000015012       0x88 Core/Src/main.o
 .debug_macro   0x000000000001509a      0x241 Core/Src/main.o
 .debug_macro   0x00000000000152db      0x141 Core/Src/main.o
 .debug_macro   0x000000000001541c      0x8d1 Core/Src/main.o
 .debug_macro   0x0000000000015ced      0x26b Core/Src/main.o
 .debug_macro   0x0000000000015f58       0x83 Core/Src/main.o
 .debug_macro   0x0000000000015fdb       0x1c Core/Src/main.o
 .debug_macro   0x0000000000015ff7       0x16 Core/Src/main.o
 .debug_macro   0x000000000001600d       0x52 Core/Src/main.o
 .debug_macro   0x000000000001605f       0x18 Core/Src/main.o
 .debug_macro   0x0000000000016077       0x3c Core/Src/main.o
 .debug_macro   0x00000000000160b3       0x34 Core/Src/main.o
 .debug_macro   0x00000000000160e7       0x16 Core/Src/main.o
 .debug_macro   0x00000000000160fd       0x43 Core/Src/main.o
 .debug_macro   0x0000000000016140       0x34 Core/Src/main.o
 .debug_macro   0x0000000000016174       0x10 Core/Src/main.o
 .debug_macro   0x0000000000016184       0x58 Core/Src/main.o
 .debug_macro   0x00000000000161dc       0x71 Core/Src/main.o
 .debug_macro   0x000000000001624d       0x1c Core/Src/main.o
 .debug_macro   0x0000000000016269      0x12a Core/Src/main.o
 .debug_macro   0x0000000000016393      0x333 Core/Src/main.o
 .debug_macro   0x00000000000166c6      0x1a9 Core/Src/main.o
 .debug_macro   0x000000000001686f      0x2aa Core/Src/oled.o
 .debug_macro   0x0000000000016b19       0x10 Core/Src/oled.o
 .debug_macro   0x0000000000016b29       0x16 Core/Src/oled.o
 .debug_macro   0x0000000000016b3f       0x35 Core/Src/oled.o
 .debug_macro   0x0000000000016b74       0x16 Core/Src/oled.o
 .debug_macro   0x0000000000016b8a       0x29 Core/Src/oled.o
 .debug_macro   0x0000000000016bb3      0x1c6 Core/Src/stm32f1xx_hal_msp.o
 .debug_macro   0x0000000000016d79      0x1d0 Core/Src/stm32f1xx_it.o
 .debug_macro   0x0000000000016f49      0x1bd Core/Src/system_stm32f1xx.o
 .debug_macro   0x0000000000017106      0x1db Drivers/STM32F1xx_HAL_Driver/Src/stm32f1xx_hal.o
 .debug_macro   0x00000000000172e1      0x1d4 Drivers/STM32F1xx_HAL_Driver/Src/stm32f1xx_hal_adc.o
 .debug_macro   0x00000000000174b5      0x1b7 Drivers/STM32F1xx_HAL_Driver/Src/stm32f1xx_hal_cortex.o
 .debug_macro   0x000000000001766c      0x1b7 Drivers/STM32F1xx_HAL_Driver/Src/stm32f1xx_hal_dma.o
 .debug_macro   0x0000000000017823      0x222 Drivers/STM32F1xx_HAL_Driver/Src/stm32f1xx_hal_gpio.o
 .debug_macro   0x0000000000017a45      0x1c9 Drivers/STM32F1xx_HAL_Driver/Src/stm32f1xx_hal_rcc.o
 .debug_macro   0x0000000000017c0e      0x1b7 Drivers/STM32F1xx_HAL_Driver/Src/stm32f1xx_hal_rcc_ex.o
 .debug_macro   0x0000000000017dc5      0x1b8 Drivers/STM32F1xx_HAL_Driver/Src/stm32f1xx_hal_tim.o
 .debug_macro   0x0000000000017f7d      0x1b7 Drivers/STM32F1xx_HAL_Driver/Src/stm32f1xx_hal_tim_ex.o
 .debug_macro   0x0000000000018134      0x1b8 Drivers/STM32F1xx_HAL_Driver/Src/stm32f1xx_hal_uart.o

.debug_line     0x0000000000000000     0xf27b
 .debug_line    0x0000000000000000     0x1821 Core/Src/main.o
 .debug_line    0x0000000000001821      0xb47 Core/Src/oled.o
 .debug_line    0x0000000000002368      0x89f Core/Src/stm32f1xx_hal_msp.o
 .debug_line    0x0000000000002c07      0x844 Core/Src/stm32f1xx_it.o
 .debug_line    0x000000000000344b      0x749 Core/Src/system_stm32f1xx.o
 .debug_line    0x0000000000003b94       0x84 Core/Startup/startup_stm32f103c8tx.o
 .debug_line    0x0000000000003c18      0x959 Drivers/STM32F1xx_HAL_Driver/Src/stm32f1xx_hal.o
 .debug_line    0x0000000000004571      0xfb9 Drivers/STM32F1xx_HAL_Driver/Src/stm32f1xx_hal_adc.o
 .debug_line    0x000000000000552a      0xb41 Drivers/STM32F1xx_HAL_Driver/Src/stm32f1xx_hal_cortex.o
 .debug_line    0x000000000000606b      0xdb1 Drivers/STM32F1xx_HAL_Driver/Src/stm32f1xx_hal_dma.o
 .debug_line    0x0000000000006e1c      0x9f0 Drivers/STM32F1xx_HAL_Driver/Src/stm32f1xx_hal_gpio.o
 .debug_line    0x000000000000780c      0xd67 Drivers/STM32F1xx_HAL_Driver/Src/stm32f1xx_hal_rcc.o
 .debug_line    0x0000000000008573      0x8a5 Drivers/STM32F1xx_HAL_Driver/Src/stm32f1xx_hal_rcc_ex.o
 .debug_line    0x0000000000008e18     0x3301 Drivers/STM32F1xx_HAL_Driver/Src/stm32f1xx_hal_tim.o
 .debug_line    0x000000000000c119     0x19ff Drivers/STM32F1xx_HAL_Driver/Src/stm32f1xx_hal_tim_ex.o
 .debug_line    0x000000000000db18     0x1763 Drivers/STM32F1xx_HAL_Driver/Src/stm32f1xx_hal_uart.o

.debug_str      0x0000000000000000    0x8f03e
 .debug_str     0x0000000000000000    0x8c2a9 Core/Src/main.o
                                      0x8c870 (size before relaxing)
 .debug_str     0x000000000008c2a9      0x21e Core/Src/oled.o
                                      0x8ad07 (size before relaxing)
 .debug_str     0x000000000008c4c7      0x161 Core/Src/stm32f1xx_hal_msp.o
                                      0x88608 (size before relaxing)
 .debug_str     0x000000000008c628      0x152 Core/Src/stm32f1xx_it.o
                                      0x8817b (size before relaxing)
 .debug_str     0x000000000008c77a       0xc2 Core/Src/system_stm32f1xx.o
                                      0x879fe (size before relaxing)
 .debug_str     0x000000000008c83c       0x36 Core/Startup/startup_stm32f103c8tx.o
                                         0x7e (size before relaxing)
 .debug_str     0x000000000008c872      0x304 Drivers/STM32F1xx_HAL_Driver/Src/stm32f1xx_hal.o
                                      0x88015 (size before relaxing)
 .debug_str     0x000000000008cb76      0x357 Drivers/STM32F1xx_HAL_Driver/Src/stm32f1xx_hal_adc.o
                                      0x88014 (size before relaxing)
 .debug_str     0x000000000008cecd      0x2ac Drivers/STM32F1xx_HAL_Driver/Src/stm32f1xx_hal_cortex.o
                                      0x8801d (size before relaxing)
 .debug_str     0x000000000008d179      0x230 Drivers/STM32F1xx_HAL_Driver/Src/stm32f1xx_hal_dma.o
                                      0x87d5f (size before relaxing)
 .debug_str     0x000000000008d3a9      0x2ff Drivers/STM32F1xx_HAL_Driver/Src/stm32f1xx_hal_gpio.o
                                      0x87d48 (size before relaxing)
 .debug_str     0x000000000008d6a8      0x24f Drivers/STM32F1xx_HAL_Driver/Src/stm32f1xx_hal_rcc.o
                                      0x87d81 (size before relaxing)
 .debug_str     0x000000000008d8f7       0xb9 Drivers/STM32F1xx_HAL_Driver/Src/stm32f1xx_hal_rcc_ex.o
                                      0x87b0e (size before relaxing)
 .debug_str     0x000000000008d9b0      0xc7a Drivers/STM32F1xx_HAL_Driver/Src/stm32f1xx_hal_tim.o
                                      0x88d53 (size before relaxing)
 .debug_str     0x000000000008e62a      0x517 Drivers/STM32F1xx_HAL_Driver/Src/stm32f1xx_hal_tim_ex.o
                                      0x8852d (size before relaxing)
 .debug_str     0x000000000008eb41      0x4fd Drivers/STM32F1xx_HAL_Driver/Src/stm32f1xx_hal_uart.o
                                      0x88287 (size before relaxing)

.comment        0x0000000000000000       0x53
 .comment       0x0000000000000000       0x53 Core/Src/main.o
                                         0x54 (size before relaxing)
 .comment       0x0000000000000053       0x54 Core/Src/oled.o
 .comment       0x0000000000000053       0x54 Core/Src/stm32f1xx_hal_msp.o
 .comment       0x0000000000000053       0x54 Core/Src/stm32f1xx_it.o
 .comment       0x0000000000000053       0x54 Core/Src/system_stm32f1xx.o
 .comment       0x0000000000000053       0x54 Drivers/STM32F1xx_HAL_Driver/Src/stm32f1xx_hal.o
 .comment       0x0000000000000053       0x54 Drivers/STM32F1xx_HAL_Driver/Src/stm32f1xx_hal_adc.o
 .comment       0x0000000000000053       0x54 Drivers/STM32F1xx_HAL_Driver/Src/stm32f1xx_hal_cortex.o
 .comment       0x0000000000000053       0x54 Drivers/STM32F1xx_HAL_Driver/Src/stm32f1xx_hal_dma.o
 .comment       0x0000000000000053       0x54 Drivers/STM32F1xx_HAL_Driver/Src/stm32f1xx_hal_gpio.o
 .comment       0x0000000000000053       0x54 Drivers/STM32F1xx_HAL_Driver/Src/stm32f1xx_hal_rcc.o
 .comment       0x0000000000000053       0x54 Drivers/STM32F1xx_HAL_Driver/Src/stm32f1xx_hal_rcc_ex.o
 .comment       0x0000000000000053       0x54 Drivers/STM32F1xx_HAL_Driver/Src/stm32f1xx_hal_tim.o
 .comment       0x0000000000000053       0x54 Drivers/STM32F1xx_HAL_Driver/Src/stm32f1xx_hal_tim_ex.o
 .comment       0x0000000000000053       0x54 Drivers/STM32F1xx_HAL_Driver/Src/stm32f1xx_hal_uart.o

.debug_frame    0x0000000000000000     0x4084
 .debug_frame   0x0000000000000000      0x558 Core/Src/main.o
 .debug_frame   0x0000000000000558      0x1bc Core/Src/oled.o
 .debug_frame   0x0000000000000714      0x1cc Core/Src/stm32f1xx_hal_msp.o
 .debug_frame   0x00000000000008e0      0x208 Core/Src/stm32f1xx_it.o
 .debug_frame   0x0000000000000ae8       0x58 Core/Src/system_stm32f1xx.o
 .debug_frame   0x0000000000000b40      0x334 Drivers/STM32F1xx_HAL_Driver/Src/stm32f1xx_hal.o
 .debug_frame   0x0000000000000e74      0x40c Drivers/STM32F1xx_HAL_Driver/Src/stm32f1xx_hal_adc.o
 .debug_frame   0x0000000000001280      0x428 Drivers/STM32F1xx_HAL_Driver/Src/stm32f1xx_hal_cortex.o
 .debug_frame   0x00000000000016a8      0x208 Drivers/STM32F1xx_HAL_Driver/Src/stm32f1xx_hal_dma.o
 .debug_frame   0x00000000000018b0      0x14c Drivers/STM32F1xx_HAL_Driver/Src/stm32f1xx_hal_gpio.o
 .debug_frame   0x00000000000019fc      0x21c Drivers/STM32F1xx_HAL_Driver/Src/stm32f1xx_hal_rcc.o
 .debug_frame   0x0000000000001c18       0x84 Drivers/STM32F1xx_HAL_Driver/Src/stm32f1xx_hal_rcc_ex.o
 .debug_frame   0x0000000000001c9c     0x11b8 Drivers/STM32F1xx_HAL_Driver/Src/stm32f1xx_hal_tim.o
 .debug_frame   0x0000000000002e54      0x638 Drivers/STM32F1xx_HAL_Driver/Src/stm32f1xx_hal_tim_ex.o
 .debug_frame   0x000000000000348c      0x834 Drivers/STM32F1xx_HAL_Driver/Src/stm32f1xx_hal_uart.o
 .debug_frame   0x0000000000003cc0       0x2c c:/st/stm32cubeide_1.6.1/stm32cubeide/plugins/com.st.stm32cube.ide.mcu.externaltools.gnu-tools-for-stm32.9-2020-q2-update.win32_1.5.0.202011040924/tools/bin/../lib/gcc/arm-none-eabi/9.3.1/../../../../arm-none-eabi/lib/thumb/v7-m/nofp\libc_nano.a(lib_a-init.o)
 .debug_frame   0x0000000000003cec       0x20 c:/st/stm32cubeide_1.6.1/stm32cubeide/plugins/com.st.stm32cube.ide.mcu.externaltools.gnu-tools-for-stm32.9-2020-q2-update.win32_1.5.0.202011040924/tools/bin/../lib/gcc/arm-none-eabi/9.3.1/../../../../arm-none-eabi/lib/thumb/v7-m/nofp\libc_nano.a(lib_a-memset.o)
 .debug_frame   0x0000000000003d0c       0xac c:/st/stm32cubeide_1.6.1/stm32cubeide/plugins/com.st.stm32cube.ide.mcu.externaltools.gnu-tools-for-stm32.9-2020-q2-update.win32_1.5.0.202011040924/tools/bin/../lib/gcc/arm-none-eabi/9.3.1/thumb/v7-m/nofp\libgcc.a(_arm_addsubdf3.o)
 .debug_frame   0x0000000000003db8       0x50 c:/st/stm32cubeide_1.6.1/stm32cubeide/plugins/com.st.stm32cube.ide.mcu.externaltools.gnu-tools-for-stm32.9-2020-q2-update.win32_1.5.0.202011040924/tools/bin/../lib/gcc/arm-none-eabi/9.3.1/thumb/v7-m/nofp\libgcc.a(_arm_muldivdf3.o)
 .debug_frame   0x0000000000003e08       0xc4 c:/st/stm32cubeide_1.6.1/stm32cubeide/plugins/com.st.stm32cube.ide.mcu.externaltools.gnu-tools-for-stm32.9-2020-q2-update.win32_1.5.0.202011040924/tools/bin/../lib/gcc/arm-none-eabi/9.3.1/thumb/v7-m/nofp\libgcc.a(_arm_cmpdf2.o)
 .debug_frame   0x0000000000003ecc       0x24 c:/st/stm32cubeide_1.6.1/stm32cubeide/plugins/com.st.stm32cube.ide.mcu.externaltools.gnu-tools-for-stm32.9-2020-q2-update.win32_1.5.0.202011040924/tools/bin/../lib/gcc/arm-none-eabi/9.3.1/thumb/v7-m/nofp\libgcc.a(_arm_truncdfsf2.o)
 .debug_frame   0x0000000000003ef0       0x4c c:/st/stm32cubeide_1.6.1/stm32cubeide/plugins/com.st.stm32cube.ide.mcu.externaltools.gnu-tools-for-stm32.9-2020-q2-update.win32_1.5.0.202011040924/tools/bin/../lib/gcc/arm-none-eabi/9.3.1/thumb/v7-m/nofp\libgcc.a(_arm_addsubsf3.o)
 .debug_frame   0x0000000000003f3c       0x38 c:/st/stm32cubeide_1.6.1/stm32cubeide/plugins/com.st.stm32cube.ide.mcu.externaltools.gnu-tools-for-stm32.9-2020-q2-update.win32_1.5.0.202011040924/tools/bin/../lib/gcc/arm-none-eabi/9.3.1/thumb/v7-m/nofp\libgcc.a(_arm_muldivsf3.o)
 .debug_frame   0x0000000000003f74       0xc8 c:/st/stm32cubeide_1.6.1/stm32cubeide/plugins/com.st.stm32cube.ide.mcu.externaltools.gnu-tools-for-stm32.9-2020-q2-update.win32_1.5.0.202011040924/tools/bin/../lib/gcc/arm-none-eabi/9.3.1/thumb/v7-m/nofp\libgcc.a(_arm_cmpsf2.o)
 .debug_frame   0x000000000000403c       0x24 c:/st/stm32cubeide_1.6.1/stm32cubeide/plugins/com.st.stm32cube.ide.mcu.externaltools.gnu-tools-for-stm32.9-2020-q2-update.win32_1.5.0.202011040924/tools/bin/../lib/gcc/arm-none-eabi/9.3.1/thumb/v7-m/nofp\libgcc.a(_arm_fixsfsi.o)
 .debug_frame   0x0000000000004060       0x24 c:/st/stm32cubeide_1.6.1/stm32cubeide/plugins/com.st.stm32cube.ide.mcu.externaltools.gnu-tools-for-stm32.9-2020-q2-update.win32_1.5.0.202011040924/tools/bin/../lib/gcc/arm-none-eabi/9.3.1/thumb/v7-m/nofp\libgcc.a(_arm_fixunssfsi.o)
