main.c:143:6:HAL_TIM_PeriodElapsedCallback	48	static
main.c:227:7:obtener_referencia	16	static
main.c:238:7:obtener_angulo	16	static
main.c:257:7:control_dos_PID	64	static
main.c:322:7:control_realim_estados	80	static
main.c:388:7:filtro_roc	32	static
main.c:411:7:filtro_posicion	32	static
main.c:429:7:filtro_angulo	32	static
main.c:445:7:filtro_swing	32	static
main.c:464:7:filtro_voltaje	32	static
main.c:480:7:filtro_apaga	32	static
main.c:498:7:filtro_media_10	24	static
main.c:524:7:filtro_media_5	24	static
main.c:544:7:filtro_butterworth	40	static
main.c:565:7:filtro_butterworth_2	40	static
main.c:586:6:poner_PWM_motor	24	static
main.c:624:9:comprueba_limites_swing	8	static
main.c:639:9:comprueba_limites_control	16	static
main.c:661:5:click_N_Double	24	static
main.c:707:6:key	16	static
main.c:763:6:oled_show	16	static
main.c:915:6:HAL_GPIO_EXTI_Callback	24	static
main.c:978:6:envia_datos_serie	24	static
main.c:1021:7:swing_up	16	static
main.c:1075:6:HAL_UART_RxCpltCallback	24	static
main.c:1091:6:HAL_UART_TxCpltCallback	16	static
main.c:1103:5:main	8	static
main.c:1192:6:SystemClock_Config	88	static
main.c:1238:13:MX_ADC1_Init	24	static
main.c:1390:13:MX_TIM1_Init	32	static
main.c:1436:13:MX_TIM3_Init	48	static
main.c:1485:13:MX_TIM4_Init	56	static
main.c:1534:13:MX_USART1_UART_Init	8	static
main.c:1565:13:MX_DMA_Init	16	static
main.c:1589:13:MX_GPIO_Init	40	static
main.c:1651:6:Error_Handler	4	static
